Component: ARM Compiler 5.06 update 6 (build 750) Tool: armlink [4d35ed]

==============================================================================

Section Cross References

    startup_stm32f427xx.o(RESET) refers to startup_stm32f427xx.o(STACK) for __initial_sp
    startup_stm32f427xx.o(RESET) refers to startup_stm32f427xx.o(.text) for Reset_Handler
    startup_stm32f427xx.o(RESET) refers to stm32f4xx_it.o(i.NMI_Handler) for NMI_Handler
    startup_stm32f427xx.o(RESET) refers to stm32f4xx_it.o(i.HardFault_Handler) for HardFault_Handler
    startup_stm32f427xx.o(RESET) refers to stm32f4xx_it.o(i.MemManage_Handler) for MemManage_Handler
    startup_stm32f427xx.o(RESET) refers to stm32f4xx_it.o(i.BusFault_Handler) for BusFault_Handler
    startup_stm32f427xx.o(RESET) refers to stm32f4xx_it.o(i.UsageFault_Handler) for UsageFault_Handler
    startup_stm32f427xx.o(RESET) refers to port.o(.emb_text) for SVC_Handler
    startup_stm32f427xx.o(RESET) refers to stm32f4xx_it.o(i.DebugMon_Handler) for DebugMon_Handler
    startup_stm32f427xx.o(RESET) refers to port.o(i.SysTick_Handler) for SysTick_Handler
    startup_stm32f427xx.o(RESET) refers to stm32f4xx_it.o(i.DMA1_Stream5_IRQHandler) for DMA1_Stream5_IRQHandler
    startup_stm32f427xx.o(RESET) refers to stm32f4xx_it.o(i.CAN1_RX0_IRQHandler) for CAN1_RX0_IRQHandler
    startup_stm32f427xx.o(RESET) refers to stm32f4xx_it.o(i.TIM2_IRQHandler) for TIM2_IRQHandler
    startup_stm32f427xx.o(RESET) refers to stm32f4xx_it.o(i.USART1_IRQHandler) for USART1_IRQHandler
    startup_stm32f427xx.o(RESET) refers to stm32f4xx_it.o(i.USART2_IRQHandler) for USART2_IRQHandler
    startup_stm32f427xx.o(RESET) refers to stm32f4xx_it.o(i.DMA2_Stream1_IRQHandler) for DMA2_Stream1_IRQHandler
    startup_stm32f427xx.o(RESET) refers to stm32f4xx_it.o(i.DMA2_Stream2_IRQHandler) for DMA2_Stream2_IRQHandler
    startup_stm32f427xx.o(RESET) refers to stm32f4xx_it.o(i.CAN2_RX1_IRQHandler) for CAN2_RX1_IRQHandler
    startup_stm32f427xx.o(RESET) refers to stm32f4xx_it.o(i.USART6_IRQHandler) for USART6_IRQHandler
    startup_stm32f427xx.o(RESET) refers to stm32f4xx_it.o(i.UART7_IRQHandler) for UART7_IRQHandler
    startup_stm32f427xx.o(RESET) refers to stm32f4xx_it.o(i.UART8_IRQHandler) for UART8_IRQHandler
    startup_stm32f427xx.o(.text) refers to system_stm32f4xx.o(i.SystemInit) for SystemInit
    startup_stm32f427xx.o(.text) refers to entry.o(.ARM.Collect$$$$00000000) for __main
    task_systinit.o(i.Task_SystemInitConfig) refers to port.o(i.vPortEnterCritical) for vPortEnterCritical
    task_systinit.o(i.Task_SystemInitConfig) refers to queue.o(i.xQueueGenericCreate) for xQueueGenericCreate
    task_systinit.o(i.Task_SystemInitConfig) refers to can.o(i.MX_CAN_Filter_Init) for MX_CAN_Filter_Init
    task_systinit.o(i.Task_SystemInitConfig) refers to stm32f4xx_hal_can.o(i.HAL_CAN_ActivateNotification) for HAL_CAN_ActivateNotification
    task_systinit.o(i.Task_SystemInitConfig) refers to func_imu_ob.o(i.mpu_device_init) for mpu_device_init
    task_systinit.o(i.Task_SystemInitConfig) refers to func_imu_ob.o(i.init_quaternion) for init_quaternion
    task_systinit.o(i.Task_SystemInitConfig) refers to func_rc.o(i.RC_Receive_Enable) for RC_Receive_Enable
    task_systinit.o(i.Task_SystemInitConfig) refers to func_gyro.o(i.Official_GYRO_Init) for Official_GYRO_Init
    task_systinit.o(i.Task_SystemInitConfig) refers to func_jetsoncomm.o(i.JetsonCommUart_Config) for JetsonCommUart_Config
    task_systinit.o(i.Task_SystemInitConfig) refers to func_gyro.o(i.PersonalGYRO_Recevie_Enable) for PersonalGYRO_Recevie_Enable
    task_systinit.o(i.Task_SystemInitConfig) refers to func_judgereceive.o(i.JudgeConnection_Init) for JudgeConnection_Init
    task_systinit.o(i.Task_SystemInitConfig) refers to func_fricmotor.o(i.FricMotor_Init) for FricMotor_Init
    task_systinit.o(i.Task_SystemInitConfig) refers to tasks.o(i.xTaskCreate) for xTaskCreate
    task_systinit.o(i.Task_SystemInitConfig) refers to stm32f4xx_hal.o(i.HAL_Delay) for HAL_Delay
    task_systinit.o(i.Task_SystemInitConfig) refers to tasks.o(i.vTaskDelete) for vTaskDelete
    task_systinit.o(i.Task_SystemInitConfig) refers to port.o(i.vPortExitCritical) for vPortExitCritical
    task_systinit.o(i.Task_SystemInitConfig) refers to task_tasks.o(.data) for Queue_CANSend
    task_systinit.o(i.Task_SystemInitConfig) refers to can.o(.bss) for hcan1
    task_systinit.o(i.Task_SystemInitConfig) refers to usart.o(.bss) for huart1
    task_systinit.o(i.Task_SystemInitConfig) refers to task_systinit.o(.data) for .data
    task_systinit.o(i.Task_SystemInitConfig) refers to task_tasks.o(i.Task_CANSend) for Task_CANSend
    task_systinit.o(i.Task_SystemInitConfig) refers to task_tasks.o(i.Task_Control_Normal) for Task_Control_Normal
    task_systinit.o(i.Task_SystemInitConfig) refers to task_tasks.o(i.Task_StatusMachineUpdate) for Task_StatusMachineUpdate
[...]
    SPI2_IRQHandler                          0x0800029b   Thumb Code     0  startup_stm32f427xx.o(.text)
    SPI3_IRQHandler                          0x0800029b   Thumb Code     0  startup_stm32f427xx.o(.text)
    SPI4_IRQHandler                          0x0800029b   Thumb Code     0  startup_stm32f427xx.o(.text)
    SPI5_IRQHandler                          0x0800029b   Thumb Code     0  startup_stm32f427xx.o(.text)
    SPI6_IRQHandler                          0x0800029b   Thumb Code     0  startup_stm32f427xx.o(.text)
    TAMP_STAMP_IRQHandler                    0x0800029b   Thumb Code     0  startup_stm32f427xx.o(.text)
    TIM1_BRK_TIM9_IRQHandler                 0x0800029b   Thumb Code     0  startup_stm32f427xx.o(.text)
    TIM1_CC_IRQHandler                       0x0800029b   Thumb Code     0  startup_stm32f427xx.o(.text)
    TIM1_TRG_COM_TIM11_IRQHandler            0x0800029b   Thumb Code     0  startup_stm32f427xx.o(.text)
    TIM1_UP_TIM10_IRQHandler                 0x0800029b   Thumb Code     0  startup_stm32f427xx.o(.text)
    TIM3_IRQHandler                          0x0800029b   Thumb Code     0  startup_stm32f427xx.o(.text)
    TIM4_IRQHandler                          0x0800029b   Thumb Code     0  startup_stm32f427xx.o(.text)
    TIM5_IRQHandler                          0x0800029b   Thumb Code     0  startup_stm32f427xx.o(.text)
    TIM6_DAC_IRQHandler                      0x0800029b   Thumb Code     0  startup_stm32f427xx.o(.text)
    TIM7_IRQHandler                          0x0800029b   Thumb Code     0  startup_stm32f427xx.o(.text)
    TIM8_BRK_TIM12_IRQHandler                0x0800029b   Thumb Code     0  startup_stm32f427xx.o(.text)
    TIM8_CC_IRQHandler                       0x0800029b   Thumb Code     0  startup_stm32f427xx.o(.text)
    TIM8_TRG_COM_TIM14_IRQHandler            0x0800029b   Thumb Code     0  startup_stm32f427xx.o(.text)
    TIM8_UP_TIM13_IRQHandler                 0x0800029b   Thumb Code     0  startup_stm32f427xx.o(.text)
    UART4_IRQHandler                         0x0800029b   Thumb Code     0  startup_stm32f427xx.o(.text)
    UART5_IRQHandler                         0x0800029b   Thumb Code     0  startup_stm32f427xx.o(.text)
    USART3_IRQHandler                        0x0800029b   Thumb Code     0  startup_stm32f427xx.o(.text)
    WWDG_IRQHandler                          0x0800029b   Thumb Code     0  startup_stm32f427xx.o(.text)
    __aeabi_uldivmod                         0x080002a5   Thumb Code    98  uldiv.o(.text)
    __aeabi_memcpy                           0x08000307   Thumb Code    36  memcpya.o(.text)
    __aeabi_memcpy4                          0x08000307   Thumb Code     0  memcpya.o(.text)
    __aeabi_memcpy8                          0x08000307   Thumb Code     0  memcpya.o(.text)
    __aeabi_memset                           0x0800032b   Thumb Code    14  memseta.o(.text)
    __aeabi_memset4                          0x0800032b   Thumb Code     0  memseta.o(.text)
    __aeabi_memset8                          0x0800032b   Thumb Code     0  memseta.o(.text)
    __aeabi_memclr                           0x08000339   Thumb Code     4  memseta.o(.text)
    __aeabi_memclr4                          0x08000339   Thumb Code     0  memseta.o(.text)
    __aeabi_memclr8                          0x08000339   Thumb Code     0  memseta.o(.text)
    memset                                   0x0800033d   Thumb Code    18  memseta.o(.text)
    __aeabi_dadd                             0x0800034f   Thumb Code   322  dadd.o(.text)
    __aeabi_dsub                             0x08000491   Thumb Code     6  dadd.o(.text)
    __aeabi_drsub                            0x08000497   Thumb Code     6  dadd.o(.text)
    __aeabi_dmul                             0x0800049d   Thumb Code   228  dmul.o(.text)
    __aeabi_ddiv                             0x08000581   Thumb Code   222  ddiv.o(.text)
    __aeabi_i2d                              0x0800065f   Thumb Code    34  dflti.o(.text)
    __aeabi_d2iz                             0x08000681   Thumb Code    62  dfixi.o(.text)
    __aeabi_f2d                              0x080006bf   Thumb Code    38  f2d.o(.text)
    __aeabi_cdrcmple                         0x080006e5   Thumb Code    48  cdrcmple.o(.text)
    __aeabi_d2f                              0x08000715   Thumb Code    56  d2f.o(.text)
    __aeabi_llsl                             0x0800074d   Thumb Code    30  llshl.o(.text)
    _ll_shift_l                              0x0800074d   Thumb Code     0  llshl.o(.text)
    __aeabi_llsr                             0x0800076b   Thumb Code    32  llushr.o(.text)
    _ll_ushift_r                             0x0800076b   Thumb Code     0  llushr.o(.text)
    __aeabi_lasr                             0x0800078b   Thumb Code    36  llsshr.o(.text)
    _ll_sshift_r                             0x0800078b   Thumb Code     0  llsshr.o(.text)
    __I$use$fp                               0x080007af   Thumb Code     0  iusefp.o(.text)
    _float_round                             0x080007af   Thumb Code    18  fepilogue.o(.text)
    _float_epilogue                          0x080007c1   Thumb Code    92  fepilogue.o(.text)
    _double_round                            0x0800081d   Thumb Code    30  depilogue.o(.text)
    _double_epilogue                         0x0800083b   Thumb Code   156  depilogue.o(.text)
    __scatterload                            0x080008d9   Thumb Code    28  init.o(.text)
    __scatterload_rt2                        0x080008d9   Thumb Code     0  init.o(.text)
    __aeabi_ui2d                             0x080008fd   Thumb Code    26  dfltui.o(.text)
    __decompress                             0x08000917   Thumb Code     0  __dczerorl2.o(.text)
    __decompress1                            0x08000917   Thumb Code    86  __dczerorl2.o(.text)
    BusFault_Handler                         0x0800096d   Thumb Code     2  stm32f4xx_it.o(i.BusFault_Handler)
    CAN1_RX0_IRQHandler                      0x08000971   Thumb Code     6  stm32f4xx_it.o(i.CAN1_RX0_IRQHandler)
    CAN2_RX1_IRQHandler                      0x0800097d   Thumb Code     6  stm32f4xx_it.o(i.CAN2_RX1_IRQHandler)
    DMA1_Stream5_IRQHandler                  0x080009a9   Thumb Code     6  stm32f4xx_it.o(i.DMA1_Stream5_IRQHandler)
    DMA2_Stream1_IRQHandler                  0x080009b5   Thumb Code     6  stm32f4xx_it.o(i.DMA2_Stream1_IRQHandler)
    DMA2_Stream2_IRQHandler                  0x080009c1   Thumb Code     6  stm32f4xx_it.o(i.DMA2_Stream2_IRQHandler)
    DMA_MultiBuffer_Transfer_Config          0x08000a67   Thumb Code    32  dma.o(i.DMA_MultiBuffer_Transfer_Config)
    DebugMon_Handler                         0x08000aaf   Thumb Code     2  stm32f4xx_it.o(i.DebugMon_Handler)
    Error_Handler                            0x08000ab1   Thumb Code     2  main.o(i.Error_Handler)
    FricMotor_Ctrl                           0x08000ab5   Thumb Code    90  func_fricmotor.o(i.FricMotor_Ctrl)
    FricMotor_Get_Speed                      0x08000b1d   Thumb Code   148  func_fricmotor.o(i.FricMotor_Get_Speed)
    FricMotor_Init                           0x08000bc1   Thumb Code    78  func_fricmotor.o(i.FricMotor_Init)
    Get_CRC16_Check_Sum                      0x08000c25   Thumb Code    38  func_judgereceive.o(i.Get_CRC16_Check_Sum)
    Get_CRC8_Check_Sum                       0x08000c51   Thumb Code    24  func_judgereceive.o(i.Get_CRC8_Check_Sum)
    Get_Channel_Val                          0x08000c6d   Thumb Code    54  func_rc.o(i.Get_Channel_Val)
    Get_Keyboard_Val                         0x08000ca3   Thumb Code   154  func_rc.o(i.Get_Keyboard_Val)
    Get_Mouse_Pressed                        0x08000d3d   Thumb Code    20  func_rc.o(i.Get_Mouse_Pressed)
    Get_Switch_Val                           0x08000d51   Thumb Code    18  func_rc.o(i.Get_Switch_Val)
    GimbalMotor_PID                          0x08001015   Thumb Code   800  func_gimbalmotor.o(i.GimbalMotor_PID)
    Gimbal_CMD_Trans                         0x08001389   Thumb Code   120  func_gimbalmotor.o(i.Gimbal_CMD_Trans)
    Gimbal_Ctrl                              0x08001409   Thumb Code    40  func_gimbalmotor.o(i.Gimbal_Ctrl)
    Gimbal_Init                              0x08001435   Thumb Code    28  func_gimbalmotor.o(i.Gimbal_Init)
    HAL_CAN_ActivateNotification             0x08001455   Thumb Code    36  stm32f4xx_hal_can.o(i.HAL_CAN_ActivateNotification)
    HAL_CAN_AddTxMessage                     0x08001479   Thumb Code   200  stm32f4xx_hal_can.o(i.HAL_CAN_AddTxMessage)
    HAL_CAN_ConfigFilter                     0x08001541   Thumb Code   262  stm32f4xx_hal_can.o(i.HAL_CAN_ConfigFilter)
    HAL_CAN_ErrorCallback                    0x0800164d   Thumb Code     2  stm32f4xx_hal_can.o(i.HAL_CAN_ErrorCallback)
    HAL_CAN_IRQHandler                       0x0800164f   Thumb Code   508  stm32f4xx_hal_can.o(i.HAL_CAN_IRQHandler)
    HAL_CAN_Init                             0x0800184b   Thumb Code   282  stm32f4xx_hal_can.o(i.HAL_CAN_Init)
    HAL_CAN_MspInit                          0x08001965   Thumb Code   228  can.o(i.HAL_CAN_MspInit)
    HAL_CAN_RxFifo0FullCallback              0x08001a61   Thumb Code     2  stm32f4xx_hal_can.o(i.HAL_CAN_RxFifo0FullCallback)
    HAL_CAN_RxFifo0MsgPendingCallback        0x08001a63   Thumb Code     2  stm32f4xx_hal_can.o(i.HAL_CAN_RxFifo0MsgPendingCallback)
    HAL_CAN_RxFifo1FullCallback              0x08001a65   Thumb Code     2  stm32f4xx_hal_can.o(i.HAL_CAN_RxFifo1FullCallback)
    HAL_CAN_RxFifo1MsgPendingCallback        0x08001a67   Thumb Code     2  stm32f4xx_hal_can.o(i.HAL_CAN_RxFifo1MsgPendingCallback)
    HAL_CAN_SleepCallback                    0x08001a69   Thumb Code     2  stm32f4xx_hal_can.o(i.HAL_CAN_SleepCallback)
    HAL_CAN_Start                            0x08001a6d   Thumb Code    88  stm32f4xx_hal_can.o(i.HAL_CAN_Start)
    HAL_CAN_TxMailbox0AbortCallback          0x08001ac5   Thumb Code     2  stm32f4xx_hal_can.o(i.HAL_CAN_TxMailbox0AbortCallback)
    HAL_CAN_TxMailbox0CompleteCallback       0x08001ac7   Thumb Code     2  stm32f4xx_hal_can.o(i.HAL_CAN_TxMailbox0CompleteCallback)
    HAL_CAN_TxMailbox1AbortCallback          0x08001ac9   Thumb Code     2  stm32f4xx_hal_can.o(i.HAL_CAN_TxMailbox1AbortCallback)
    HAL_CAN_TxMailbox1CompleteCallback       0x08001acb   Thumb Code     2  stm32f4xx_hal_can.o(i.HAL_CAN_TxMailbox1CompleteCallback)
    HAL_CAN_TxMailbox2AbortCallback          0x08001acd   Thumb Code     2  stm32f4xx_hal_can.o(i.HAL_CAN_TxMailbox2AbortCallback)
    HAL_CAN_TxMailbox2CompleteCallback       0x08001acf   Thumb Code     2  stm32f4xx_hal_can.o(i.HAL_CAN_TxMailbox2CompleteCallback)
    HAL_CAN_WakeUpFromRxMsgCallback          0x08001ad1   Thumb Code     2  stm32f4xx_hal_can.o(i.HAL_CAN_WakeUpFromRxMsgCallback)
    HAL_DMAEx_MultiBufferStart               0x08001ad3   Thumb Code   100  stm32f4xx_hal_dma_ex.o(i.HAL_DMAEx_MultiBufferStart)
    HAL_DMA_Abort_IT                         0x08001b37   Thumb Code    36  stm32f4xx_hal_dma.o(i.HAL_DMA_Abort_IT)
    HAL_DMA_IRQHandler                       0x08001b5d   Thumb Code   412  stm32f4xx_hal_dma.o(i.HAL_DMA_IRQHandler)
    HAL_DMA_Init                             0x08001cfd   Thumb Code   206  stm32f4xx_hal_dma.o(i.HAL_DMA_Init)
    HAL_DMA_Start_IT                         0x08001dd1   Thumb Code   120  stm32f4xx_hal_dma.o(i.HAL_DMA_Start_IT)
    HAL_Delay                                0x08001e49   Thumb Code    32  stm32f4xx_hal.o(i.HAL_Delay)
    HAL_GPIO_Init                            0x08001e6d   Thumb Code   408  stm32f4xx_hal_gpio.o(i.HAL_GPIO_Init)
    HAL_GPIO_ReadPin                         0x08002039   Thumb Code    10  stm32f4xx_hal_gpio.o(i.HAL_GPIO_ReadPin)
    HAL_GPIO_TogglePin                       0x08002043   Thumb Code    14  stm32f4xx_hal_gpio.o(i.HAL_GPIO_TogglePin)
    HAL_GPIO_WritePin                        0x08002051   Thumb Code    10  stm32f4xx_hal_gpio.o(i.HAL_GPIO_WritePin)
    HAL_GetTick                              0x0800205d   Thumb Code     6  stm32f4xx_hal.o(i.HAL_GetTick)
    HAL_IncTick                              0x08002069   Thumb Code    12  stm32f4xx_hal.o(i.HAL_IncTick)
    HAL_Init                                 0x08002079   Thumb Code    48  stm32f4xx_hal.o(i.HAL_Init)
    HAL_InitTick                             0x080020ad   Thumb Code   102  stm32f4xx_hal_timebase_tim.o(i.HAL_InitTick)
    HAL_MspInit                              0x08002121   Thumb Code    52  stm32f4xx_hal_msp.o(i.HAL_MspInit)
    HAL_NVIC_EnableIRQ                       0x08002159   Thumb Code    26  stm32f4xx_hal_cortex.o(i.HAL_NVIC_EnableIRQ)
    HAL_NVIC_SetPriority                     0x08002175   Thumb Code    60  stm32f4xx_hal_cortex.o(i.HAL_NVIC_SetPriority)
    HAL_NVIC_SetPriorityGrouping             0x080021b5   Thumb Code    26  stm32f4xx_hal_cortex.o(i.HAL_NVIC_SetPriorityGrouping)
    HAL_RCC_ClockConfig                      0x080021d9   Thumb Code   286  stm32f4xx_hal_rcc.o(i.HAL_RCC_ClockConfig)
    HAL_RCC_GetClockConfig                   0x08002309   Thumb Code    54  stm32f4xx_hal_rcc.o(i.HAL_RCC_GetClockConfig)
    HAL_RCC_GetPCLK1Freq                     0x08002349   Thumb Code    20  stm32f4xx_hal_rcc.o(i.HAL_RCC_GetPCLK1Freq)
    HAL_RCC_GetPCLK2Freq                     0x08002369   Thumb Code    20  stm32f4xx_hal_rcc.o(i.HAL_RCC_GetPCLK2Freq)
    HAL_RCC_GetSysClockFreq                  0x08002389   Thumb Code    88  stm32f4xx_hal_rcc.o(i.HAL_RCC_GetSysClockFreq)
    HAL_RCC_OscConfig                        0x080023ed   Thumb Code   770  stm32f4xx_hal_rcc.o(i.HAL_RCC_OscConfig)
    HAL_SPI_Init                             0x08002709   Thumb Code   128  stm32f4xx_hal_spi.o(i.HAL_SPI_Init)
    HAL_SPI_MspInit                          0x08002789   Thumb Code    94  spi.o(i.HAL_SPI_MspInit)
    HAL_SPI_TransmitReceive                  0x080027f5   Thumb Code   482  stm32f4xx_hal_spi.o(i.HAL_SPI_TransmitReceive)
    HAL_TIMEx_BreakCallback                  0x080029d7   Thumb Code     2  stm32f4xx_hal_tim_ex.o(i.HAL_TIMEx_BreakCallback)
    HAL_TIMEx_CommutCallback                 0x080029d9   Thumb Code     2  stm32f4xx_hal_tim_ex.o(i.HAL_TIMEx_CommutCallback)
    HAL_TIMEx_ConfigBreakDeadTime            0x080029db   Thumb Code    84  stm32f4xx_hal_tim_ex.o(i.HAL_TIMEx_ConfigBreakDeadTime)
    HAL_TIMEx_MasterConfigSynchronization    0x08002a2f   Thumb Code    66  stm32f4xx_hal_tim_ex.o(i.HAL_TIMEx_MasterConfigSynchronization)
    HAL_TIM_Base_Init                        0x08002a71   Thumb Code    54  stm32f4xx_hal_tim.o(i.HAL_TIM_Base_Init)
    HAL_TIM_Base_MspInit                     0x08002aa9   Thumb Code    78  tim.o(i.HAL_TIM_Base_MspInit)
    HAL_TIM_Base_Start_IT                    0x08002b09   Thumb Code    34  stm32f4xx_hal_tim.o(i.HAL_TIM_Base_Start_IT)
    HAL_TIM_ConfigClockSource                0x08002b2b   Thumb Code   214  stm32f4xx_hal_tim.o(i.HAL_TIM_ConfigClockSource)
    HAL_TIM_Encoder_Init                     0x08002c01   Thumb Code   152  stm32f4xx_hal_tim.o(i.HAL_TIM_Encoder_Init)
    HAL_TIM_Encoder_MspInit                  0x08002c99   Thumb Code   152  tim.o(i.HAL_TIM_Encoder_MspInit)
    HAL_TIM_Encoder_Start                    0x08002d45   Thumb Code    52  stm32f4xx_hal_tim.o(i.HAL_TIM_Encoder_Start)
    HAL_TIM_IC_CaptureCallback               0x08002d79   Thumb Code     2  stm32f4xx_hal_tim.o(i.HAL_TIM_IC_CaptureCallback)
    HAL_TIM_IRQHandler                       0x08002d7b   Thumb Code   358  stm32f4xx_hal_tim.o(i.HAL_TIM_IRQHandler)
    HAL_TIM_MspPostInit                      0x08002ee1   Thumb Code   188  tim.o(i.HAL_TIM_MspPostInit)
    HAL_TIM_OC_DelayElapsedCallback          0x08002fbd   Thumb Code     2  stm32f4xx_hal_tim.o(i.HAL_TIM_OC_DelayElapsedCallback)
    HAL_TIM_PWM_ConfigChannel                0x08002fbf   Thumb Code   208  stm32f4xx_hal_tim.o(i.HAL_TIM_PWM_ConfigChannel)
    HAL_TIM_PWM_Init                         0x0800308f   Thumb Code    54  stm32f4xx_hal_tim.o(i.HAL_TIM_PWM_Init)
    HAL_TIM_PWM_MspInit                      0x080030c5   Thumb Code     2  stm32f4xx_hal_tim.o(i.HAL_TIM_PWM_MspInit)
    HAL_TIM_PWM_PulseFinishedCallback        0x080030c7   Thumb Code     2  stm32f4xx_hal_tim.o(i.HAL_TIM_PWM_PulseFinishedCallback)
    HAL_TIM_PWM_Start                        0x080030c9   Thumb Code    58  stm32f4xx_hal_tim.o(i.HAL_TIM_PWM_Start)
    HAL_TIM_PeriodElapsedCallback            0x0800310d   Thumb Code    14  main.o(i.HAL_TIM_PeriodElapsedCallback)
    HAL_TIM_TriggerCallback                  0x0800311b   Thumb Code     2  stm32f4xx_hal_tim.o(i.HAL_TIM_TriggerCallback)
    HAL_UART_ErrorCallback                   0x0800311d   Thumb Code     2  stm32f4xx_hal_uart.o(i.HAL_UART_ErrorCallback)
    HAL_UART_IRQHandler                      0x08003121   Thumb Code   266  stm32f4xx_hal_uart.o(i.HAL_UART_IRQHandler)
    HAL_UART_Init                            0x08003231   Thumb Code    98  stm32f4xx_hal_uart.o(i.HAL_UART_Init)
    HAL_UART_MspInit                         0x08003295   Thumb Code   778  usart.o(i.HAL_UART_MspInit)
    HAL_UART_Receive_DMA                     0x080035e9   Thumb Code   138  stm32f4xx_hal_uart.o(i.HAL_UART_Receive_DMA)
    HAL_UART_RxCpltCallback                  0x08003681   Thumb Code     2  stm32f4xx_hal_uart.o(i.HAL_UART_RxCpltCallback)
    HAL_UART_RxHalfCpltCallback              0x08003683   Thumb Code     2  stm32f4xx_hal_uart.o(i.HAL_UART_RxHalfCpltCallback)
    HAL_UART_Transmit_DMA                    0x08003685   Thumb Code   114  stm32f4xx_hal_uart.o(i.HAL_UART_Transmit_DMA)
    HAL_UART_TxCpltCallback                  0x08003705   Thumb Code     2  stm32f4xx_hal_uart.o(i.HAL_UART_TxCpltCallback)
    HAL_UART_TxHalfCpltCallback              0x08003707   Thumb Code     2  stm32f4xx_hal_uart.o(i.HAL_UART_TxHalfCpltCallback)
    HardFault_Handler                        0x08003709   Thumb Code     2  stm32f4xx_it.o(i.HardFault_Handler)
    JetsonCommUart_Config                    0x0800370d   Thumb Code    24  func_jetsoncomm.o(i.JetsonCommUart_Config)
    JetsonComm_Control                       0x08003729   Thumb Code   474  func_jetsoncomm.o(i.JetsonComm_Control)
    JudgeConnection_Init                     0x08003935   Thumb Code    24  func_judgereceive.o(i.JudgeConnection_Init)
    JudgeReceive                             0x08003951   Thumb Code    88  func_judgereceive.o(i.JudgeReceive)
    Judge_Receive_Data_Processing            0x080039b1   Thumb Code   212  func_judgereceive.o(i.Judge_Receive_Data_Processing)
    MX_CAN1_Init                             0x08003a8d   Thumb Code    62  can.o(i.MX_CAN1_Init)
    MX_CAN2_Init                             0x08003ad5   Thumb Code    62  can.o(i.MX_CAN2_Init)
    MX_CAN_Filter_Init                       0x08003b1d   Thumb Code    50  can.o(i.MX_CAN_Filter_Init)
    MX_DMA_Init                              0x08003b51   Thumb Code    88  dma.o(i.MX_DMA_Init)
    MX_FREERTOS_Init                         0x08003bad   Thumb Code    30  freertos.o(i.MX_FREERTOS_Init)
    MX_GPIO_Init                             0x08003bd5   Thumb Code   350  gpio.o(i.MX_GPIO_Init)
    MX_SPI5_Init                             0x08003d4d   Thumb Code    62  spi.o(i.MX_SPI5_Init)
    MX_TIM1_Init                             0x08003d95   Thumb Code   240  tim.o(i.MX_TIM1_Init)
    MX_TIM3_Init                             0x08003e8d   Thumb Code   138  tim.o(i.MX_TIM3_Init)
    MX_TIM4_Init                             0x08003f21   Thumb Code    98  tim.o(i.MX_TIM4_Init)
    MX_TIM5_Init                             0x08003f8d   Thumb Code   140  tim.o(i.MX_TIM5_Init)
    MX_TIM8_Init                             0x08004021   Thumb Code   100  tim.o(i.MX_TIM8_Init)
    MX_UART4_Init                            0x0800408d   Thumb Code    48  usart.o(i.MX_UART4_Init)
    MX_UART5_Init                            0x080040c5   Thumb Code    48  usart.o(i.MX_UART5_Init)
    MX_UART7_Init                            0x080040fd   Thumb Code    48  usart.o(i.MX_UART7_Init)
    MX_UART8_Init                            0x08004135   Thumb Code    48  usart.o(i.MX_UART8_Init)
    MX_USART1_UART_Init                      0x0800416d   Thumb Code    48  usart.o(i.MX_USART1_UART_Init)
    MX_USART2_UART_Init                      0x080041a5   Thumb Code    48  usart.o(i.MX_USART2_UART_Init)
    MX_USART3_UART_Init                      0x080041dd   Thumb Code    48  usart.o(i.MX_USART3_UART_Init)
    MX_USART6_UART_Init                      0x08004215   Thumb Code    48  usart.o(i.MX_USART6_UART_Init)
    MemManage_Handler                        0x0800424d   Thumb Code     2  stm32f4xx_it.o(i.MemManage_Handler)
    NMI_Handler                              0x0800424f   Thumb Code     2  stm32f4xx_it.o(i.NMI_Handler)
    Official_GYRO_Init                       0x08004251   Thumb Code     2  func_gyro.o(i.Official_GYRO_Init)
    PersonalGYRO_Recevie_Enable              0x08004255   Thumb Code    58  func_gyro.o(i.PersonalGYRO_Recevie_Enable)
    Personal_GYRO_Receive                    0x0800429d   Thumb Code   342  func_gyro.o(i.Personal_GYRO_Receive)
    RC_Data_Update                           0x0800445d   Thumb Code   140  func_rc.o(i.RC_Data_Update)
    RC_InitConfig                            0x080044f1   Thumb Code    50  func_rc.o(i.RC_InitConfig)
    RC_Receive_Enable                        0x0800452d   Thumb Code    50  func_rc.o(i.RC_Receive_Enable)
    StatusMachine_Update                     0x08004619   Thumb Code   192  func_statusmachine.o(i.StatusMachine_Update)
    StirMotor_Blocked_Detect                 0x080046e5   Thumb Code    64  func_stirmotor.o(i.StirMotor_Blocked_Detect)
    StirMotor_Control                        0x08004729   Thumb Code    74  func_stirmotor.o(i.StirMotor_Control)
    Stir_Motor_Speed_Control                 0x08004781   Thumb Code   132  func_stirmotor.o(i.Stir_Motor_Speed_Control)
    SysTick_Handler                          0x08004809   Thumb Code    38  port.o(i.SysTick_Handler)
    SystemClock_Config                       0x08004835   Thumb Code   124  main.o(i.SystemClock_Config)
    SystemInit                               0x080048b9   Thumb Code    66  system_stm32f4xx.o(i.SystemInit)
    TIM2_IRQHandler                          0x0800490d   Thumb Code     6  stm32f4xx_it.o(i.TIM2_IRQHandler)
    TIM_Base_SetConfig                       0x08004919   Thumb Code   156  stm32f4xx_hal_tim.o(i.TIM_Base_SetConfig)
    TIM_CCxChannelCmd                        0x080049e1   Thumb Code    26  stm32f4xx_hal_tim.o(i.TIM_CCxChannelCmd)
    TIM_ETR_SetConfig                        0x080049fb   Thumb Code    20  stm32f4xx_hal_tim.o(i.TIM_ETR_SetConfig)
    TIM_OC2_SetConfig                        0x08004a81   Thumb Code    98  stm32f4xx_hal_tim.o(i.TIM_OC2_SetConfig)
    Task_CANSend                             0x08004bed   Thumb Code    60  task_tasks.o(i.Task_CANSend)
    Task_Control_Normal                      0x08004c35   Thumb Code   208  task_tasks.o(i.Task_Control_Normal)
    Task_GYROData_Update                     0x08004d29   Thumb Code    20  task_tasks.o(i.Task_GYROData_Update)
    Task_JetsonComm                          0x08004d41   Thumb Code    20  task_tasks.o(i.Task_JetsonComm)
    Task_JudgeReceive                        0x08004d59   Thumb Code    18  task_tasks.o(i.Task_JudgeReceive)
    Task_LEDBlink                            0x08004d6d   Thumb Code    44  task_tasks.o(i.Task_LEDBlink)
    Task_Pitch_GYRO                          0x08004d9d   Thumb Code    70  task_tasks.o(i.Task_Pitch_GYRO)
    Task_RCData_Update                       0x08004df5   Thumb Code    18  task_tasks.o(i.Task_RCData_Update)
    Task_StatusMachineUpdate                 0x08004e07   Thumb Code    22  task_tasks.o(i.Task_StatusMachineUpdate)
    Task_SystemInitConfig                    0x08004e1d   Thumb Code   286  task_systinit.o(i.Task_SystemInitConfig)
    UART7_IRQHandler                         0x08005019   Thumb Code     6  stm32f4xx_it.o(i.UART7_IRQHandler)
    UART8_IRQHandler                         0x08005025   Thumb Code     6  stm32f4xx_it.o(i.UART8_IRQHandler)
    USART1_IRQHandler                        0x080054dd   Thumb Code     6  stm32f4xx_it.o(i.USART1_IRQHandler)
    USART2_IRQHandler                        0x080054e9   Thumb Code     6  stm32f4xx_it.o(i.USART2_IRQHandler)
    USART6_IRQHandler                        0x080054f5   Thumb Code     6  stm32f4xx_it.o(i.USART6_IRQHandler)
    UsageFault_Handler                       0x08005501   Thumb Code     2  stm32f4xx_it.o(i.UsageFault_Handler)
    Verify_CRC16_Check_Sum                   0x08005505   Thumb Code    54  func_judgereceive.o(i.Verify_CRC16_Check_Sum)
    Verify_CRC8_Check_Sum                    0x08005541   Thumb Code    38  func_judgereceive.o(i.Verify_CRC8_Check_Sum)
    __ARM_fpclassify                         0x08005567   Thumb Code    48  fpclassify.o(i.__ARM_fpclassify)
    __hardfp_cos                             0x080055b9   Thumb Code   180  cos.o(i.__hardfp_cos)
    __hardfp_fabs                            0x08005681   Thumb Code    20  fabs.o(i.__hardfp_fabs)
    __ieee754_rem_pio2                       0x08005699   Thumb Code   938  rred.o(i.__ieee754_rem_pio2)
    __kernel_cos                             0x08005ad1   Thumb Code   322  cos_i.o(i.__kernel_cos)
    __kernel_poly                            0x08005c41   Thumb Code   248  poly.o(i.__kernel_poly)
    __kernel_sin                             0x08005d39   Thumb Code   280  sin_i.o(i.__kernel_sin)
    __mathlib_dbl_infnan                     0x08005e69   Thumb Code    20  dunder.o(i.__mathlib_dbl_infnan)
    __mathlib_dbl_invalid                    0x08005e81   Thumb Code    24  dunder.o(i.__mathlib_dbl_invalid)
    __mathlib_dbl_underflow                  0x08005ea1   Thumb Code    24  dunder.o(i.__mathlib_dbl_underflow)
    __scatterload_copy                       0x08005ec1   Thumb Code    14  handlers.o(i.__scatterload_copy)
    __scatterload_null                       0x08005ecf   Thumb Code     2  handlers.o(i.__scatterload_null)
    __scatterload_zeroinit                   0x08005ed1   Thumb Code    14  handlers.o(i.__scatterload_zeroinit)
    __set_errno                              0x08005ee1   Thumb Code     6  errno.o(i.__set_errno)
    configureTimerForRunTimeStats            0x08005eed   Thumb Code     2  freertos.o(i.configureTimerForRunTimeStats)
    fabs                                     0x08005eef   Thumb Code    24  fabs.o(i.fabs)
    getRunTimeCounterValue                   0x08005f07   Thumb Code     4  freertos.o(i.getRunTimeCounterValue)
    init_quaternion                          0x08005f0d   Thumb Code   362  func_imu_ob.o(i.init_quaternion)
    ist8310_init                             0x080060d9   Thumb Code   256  func_imu_ob.o(i.ist8310_init)
    main                                     0x08006253   Thumb Code    90  main.o(i.main)
    mpu_device_init                          0x080062b9   Thumb Code    90  func_imu_ob.o(i.mpu_device_init)
    mpu_offset_call                          0x080063ad   Thumb Code   160  func_imu_ob.o(i.mpu_offset_call)
    mpu_read_byte                            0x08006451   Thumb Code    68  func_imu_ob.o(i.mpu_read_byte)
    mpu_read_bytes                           0x080064a1   Thumb Code    80  func_imu_ob.o(i.mpu_read_bytes)
    mpu_set_accel_fsr                        0x080064fd   Thumb Code    10  func_imu_ob.o(i.mpu_set_accel_fsr)
    mpu_set_gyro_fsr                         0x08006507   Thumb Code    10  func_imu_ob.o(i.mpu_set_gyro_fsr)
    mpu_write_byte                           0x08006511   Thumb Code    72  func_imu_ob.o(i.mpu_write_byte)
    osKernelStart                            0x08006565   Thumb Code    10  cmsis_os.o(i.osKernelStart)
    osThreadCreate                           0x0800656f   Thumb Code    84  cmsis_os.o(i.osThreadCreate)
    pvPortMalloc                             0x08006a31   Thumb Code   210  heap_4.o(i.pvPortMalloc)
    pxPortInitialiseStack                    0x08006b09   Thumb Code    40  port.o(i.pxPortInitialiseStack)
    ulTaskNotifyTake                         0x08006b35   Thumb Code    96  tasks.o(i.ulTaskNotifyTake)
    uxListRemove                             0x08006b9d   Thumb Code    38  list.o(i.uxListRemove)
    vApplicationGetIdleTaskMemory            0x08006bc5   Thumb Code    16  freertos.o(i.vApplicationGetIdleTaskMemory)
    vListInitialise                          0x08006bd9   Thumb Code    22  list.o(i.vListInitialise)
    vListInitialiseItem                      0x08006bef   Thumb Code     6  list.o(i.vListInitialiseItem)
    vListInsert                              0x08006bf5   Thumb Code    48  list.o(i.vListInsert)
    vListInsertEnd                           0x08006c25   Thumb Code    24  list.o(i.vListInsertEnd)
    vPortEnterCritical                       0x08006c3d   Thumb Code    54  port.o(i.vPortEnterCritical)
    vPortExitCritical                        0x08006c7d   Thumb Code    34  port.o(i.vPortExitCritical)
    vPortFree                                0x08006ca5   Thumb Code    88  heap_4.o(i.vPortFree)
    vPortSetupTimerInterrupt                 0x08006d01   Thumb Code    32  port.o(i.vPortSetupTimerInterrupt)
    vTaskDelay                               0x08006d25   Thumb Code    66  tasks.o(i.vTaskDelay)
    vTaskDelayUntil                          0x08006d71   Thumb Code   132  tasks.o(i.vTaskDelayUntil)
    vTaskDelete                              0x08006dfd   Thumb Code   158  tasks.o(i.vTaskDelete)
    vTaskInternalSetTimeOutState             0x08006ea9   Thumb Code    12  tasks.o(i.vTaskInternalSetTimeOutState)
    vTaskMissedYield                         0x08006eb9   Thumb Code     8  tasks.o(i.vTaskMissedYield)
    vTaskPlaceOnEventList                    0x08006ec5   Thumb Code    44  tasks.o(i.vTaskPlaceOnEventList)
    vTaskStartScheduler                      0x08006ef5   Thumb Code    94  tasks.o(i.vTaskStartScheduler)
    vTaskSuspendAll                          0x08006f65   Thumb Code    10  tasks.o(i.vTaskSuspendAll)
    vTaskSwitchContext                       0x08006f75   Thumb Code   108  tasks.o(i.vTaskSwitchContext)
    xPortStartScheduler                      0x08006fe9   Thumb Code   222  port.o(i.xPortStartScheduler)
    xQueueGenericCreate                      0x080070dd   Thumb Code    72  queue.o(i.xQueueGenericCreate)
    xQueueGenericReset                       0x08007125   Thumb Code   132  queue.o(i.xQueueGenericReset)
    xQueueGenericSend                        0x080071ad   Thumb Code   346  queue.o(i.xQueueGenericSend)
    xQueueReceive                            0x0800730d   Thumb Code   308  queue.o(i.xQueueReceive)
    xTaskCheckForTimeOut                     0x08007445   Thumb Code   112  tasks.o(i.xTaskCheckForTimeOut)
    xTaskCreate                              0x080074b9   Thumb Code    90  tasks.o(i.xTaskCreate)
    xTaskCreateStatic                        0x08007513   Thumb Code    86  tasks.o(i.xTaskCreateStatic)
    xTaskGetSchedulerState                   0x08007569   Thumb Code    22  tasks.o(i.xTaskGetSchedulerState)
    xTaskGetTickCount                        0x08007585   Thumb Code     6  tasks.o(i.xTaskGetTickCount)
    xTaskIncrementTick                       0x08007591   Thumb Code   192  tasks.o(i.xTaskIncrementTick)
    xTaskPriorityDisinherit                  0x08007659   Thumb Code   144  tasks.o(i.xTaskPriorityDisinherit)
    xTaskRemoveFromEventList                 0x080076f1   Thumb Code   108  tasks.o(i.xTaskRemoveFromEventList)
    xTaskResumeAll                           0x08007765   Thumb Code   182  tasks.o(i.xTaskResumeAll)
    AHBPrescTable                            0x0800784c   Data          16  system_stm32f4xx.o(.constdata)
    APBPrescTable                            0x0800785c   Data           8  system_stm32f4xx.o(.constdata)
    CRC8_TAB                                 0x08007878   Data         256  func_judgereceive.o(.constdata)
    wCRC_Table                               0x08007978   Data         512  func_judgereceive.o(.constdata)
    Region$$Table$$Base                      0x08007ca8   Number         0  anon$$obj.o(Region$$Table)
    Region$$Table$$Limit                     0x08007cc8   Number         0  anon$$obj.o(Region$$Table)
    CANSendTask_Handle                       0x20000000   Data           4  task_systinit.o(.data)
    NormalControlTask_Handle                 0x20000004   Data           4  task_systinit.o(.data)
    LEDTask_Handle                           0x20000008   Data           4  task_systinit.o(.data)
    RCUpdateTask_Handle                      0x2000000c   Data           4  task_systinit.o(.data)
    GYROUpdateTask_Handle                    0x20000010   Data           4  task_systinit.o(.data)
    PitchGYROTask_Handle                     0x20000014   Data           4  task_systinit.o(.data)
    StatusMachineTask_Handle                 0x20000018   Data           4  task_systinit.o(.data)
    JudgeReceiveTask_Handle                  0x2000001c   Data           4  task_systinit.o(.data)
    JetsonCommTask_Handle                    0x20000020   Data           4  task_systinit.o(.data)
    offline_time                             0x20000024   Data           1  task_tasks.o(.data)
    offline                                  0x20000026   Data           2  task_tasks.o(.data)
    Queue_CANSend                            0x20000028   Data           4  task_tasks.o(.data)
    SystemInitTaskHandle                     0x20000030   Data           4  freertos.o(.data)
    uwTickFreq                               0x20000034   Data           1  stm32f4xx_hal.o(.data)
    uwTickPrio                               0x20000038   Data           4  stm32f4xx_hal.o(.data)
    uwTick                                   0x2000003c   Data           4  stm32f4xx_hal.o(.data)
    SystemCoreClock                          0x20000040   Data           4  system_stm32f4xx.o(.data)
    pxCurrentTCB                             0x20000044   Data           4  tasks.o(.data)
    ARR_MIN                                  0x200000ac   Data           2  func_fricmotor.o(.data)
    L_Capturenum                             0x200000ae   Data           2  func_fricmotor.o(.data)
    R_Capturenum                             0x200000b0   Data           2  func_fricmotor.o(.data)
    L_curtime                                0x200000bc   Data           4  func_fricmotor.o(.data)
    L_pretime                                0x200000c0   Data           4  func_fricmotor.o(.data)
    L_deitatime                              0x200000c4   Data           4  func_fricmotor.o(.data)
    R_curtime                                0x200000c8   Data           4  func_fricmotor.o(.data)
    R_pretime                                0x200000cc   Data           4  func_fricmotor.o(.data)
    R_deitatime                              0x200000d0   Data           4  func_fricmotor.o(.data)
    Snail2305_Left                           0x200000d4   Data          40  func_fricmotor.o(.data)
    Snail2305_Right                          0x200000fc   Data          40  func_fricmotor.o(.data)
    PITCH_ANGLE                              0x20000124   Data           4  func_gimbalmotor.o(.data)
    YAW_ANGLE                                0x20000128   Data           4  func_gimbalmotor.o(.data)
    ReverseOffset                            0x20000130   Data           2  func_gimbalmotor.o(.data)
    Gravity                                  0x20000132   Data           2  func_gimbalmotor.o(.data)
    Gcurrent                                 0x20000134   Data           2  func_gimbalmotor.o(.data)
    monitor_Pitch_TargetAngle                0x20000138   Data           4  func_gimbalmotor.o(.data)
    monitor_Yaw_TargetAngle                  0x2000013c   Data           4  func_gimbalmotor.o(.data)
    Yawinitangle                             0x20000148   Data           4  func_gimbalmotor.o(.data)
    step                                     0x20000150   Data           8  func_gimbalmotor.o(.data)
    Motor6020_Pitch                          0x20000158   Data         100  func_gimbalmotor.o(.data)
    Motor2006_Yaw                            0x200001bc   Data         100  func_gimbalmotor.o(.data)
    monitor_Yaw_RealSpeed                    0x20000220   Data           4  func_gimbalmotor.o(.data)
    PersonalGYRO                             0x20000224   Data          28  func_gyro.o(.data)
    PersonalGYRO2                            0x20000240   Data          28  func_gyro.o(.data)
    GYRO_Rx_Mem                              0x2000025c   Data           1  func_gyro.o(.data)
    GYRO_Rx_Mem2                             0x2000025d   Data           1  func_gyro.o(.data)
    usart_this_time_rx_len                   0x2000025f   Data           1  func_gyro.o(.data)
    usart_this_time_rx_len2                  0x20000260   Data           1  func_gyro.o(.data)
    id                                       0x20000266   Data           1  func_imu_ob.o(.data)
    q0                                       0x20000268   Data           4  func_imu_ob.o(.data)
    q1                                       0x2000026c   Data           4  func_imu_ob.o(.data)
    q2                                       0x20000270   Data           4  func_imu_ob.o(.data)
    q3                                       0x20000274   Data           4  func_imu_ob.o(.data)
    exInt                                    0x20000278   Data           4  func_imu_ob.o(.data)
    eyInt                                    0x2000027c   Data           4  func_imu_ob.o(.data)
    ezInt                                    0x20000280   Data           4  func_imu_ob.o(.data)
    last_update                              0x200002a8   Data           4  func_imu_ob.o(.data)
    now_update                               0x200002ac   Data           4  func_imu_ob.o(.data)
    ist_buff                                 0x200002b0   Data           6  func_imu_ob.o(.data)
    imu                                      0x200002c4   Data          56  func_imu_ob.o(.data)
    debug_len                                0x200002fc   Data           1  func_jetsoncomm.o(.data)
    Jetson_Seq                               0x200002fd   Data           1  func_jetsoncomm.o(.data)
    Jetson_AnglePitch                        0x20000300   Data           4  func_jetsoncomm.o(.data)
    Jetson_AngleYaw                          0x20000304   Data           4  func_jetsoncomm.o(.data)
    Jetson_VelocityPitch                     0x20000308   Data           4  func_jetsoncomm.o(.data)
    Jetson_VelocityYaw                       0x2000030c   Data           4  func_jetsoncomm.o(.data)
    Jetson_AccelerationPitch                 0x20000310   Data           4  func_jetsoncomm.o(.data)
    Jetson_AccelerationYaw                   0x20000314   Data           4  func_jetsoncomm.o(.data)
    CommStatus                               0x20000318   Data           4  func_jetsoncomm.o(.data)
    Pitch_Desire                             0x20000328   Data           4  func_jetsoncomm.o(.data)
    Yaw_Desire                               0x2000032c   Data           4  func_jetsoncomm.o(.data)
    DataSendToJetson                         0x20000330   Data          20  func_jetsoncomm.o(.data)
    get_hurted                               0x20000344   Data           1  func_judgereceive.o(.data)
    ext_game_result                          0x20000345   Data           1  func_judgereceive.o(.data)
    ext_buff_musk                            0x20000346   Data           1  func_judgereceive.o(.data)
    ext_robot_hurt                           0x20000347   Data           1  func_judgereceive.o(.data)
    CRC_INIT                                 0x20000348   Data           2  func_judgereceive.o(.data)
    ext_game_robot_survivors                 0x2000034a   Data           2  func_judgereceive.o(.data)
    aerial_robot_energy                      0x2000034c   Data           2  func_judgereceive.o(.data)
    testcmdid                                0x2000034e   Data           2  func_judgereceive.o(.data)
    ext_game_state                           0x20000350   Data           3  func_judgereceive.o(.data)
    ext_supply_projectile_booking            0x20000353   Data           3  func_judgereceive.o(.data)
    ext_event_data                           0x20000356   Data           4  func_judgereceive.o(.data)
    ext_supply_projectile_action             0x2000035a   Data           4  func_judgereceive.o(.data)
    JudgeReceive_Counter                     0x20000360   Data           4  func_judgereceive.o(.data)
    ext_shoot_data                           0x20000364   Data           6  func_judgereceive.o(.data)
    RC_Rx_Mem                                0x2000036a   Data           1  func_rc.o(.data)
    ControlMode                              0x2000036b   Data           1  func_statusmachine.o(.data)
    FricStatus                               0x2000036c   Data           1  func_statusmachine.o(.data)
    StirStatus                               0x2000036d   Data           1  func_statusmachine.o(.data)
    ShootStatus                              0x2000036f   Data           1  func_statusmachine.o(.data)
    stirspeed                                0x20000372   Data           2  func_stirmotor.o(.data)
    RM2006_StirMotor                         0x20000380   Data          40  func_stirmotor.o(.data)
    hcan1                                    0x200003ac   Data          40  can.o(.bss)
    hcan2                                    0x200003d4   Data          40  can.o(.bss)
    hspi5                                    0x20000660   Data          88  spi.o(.bss)
    htim2                                    0x200006b8   Data          64  stm32f4xx_hal_timebase_tim.o(.bss)
    htim1                                    0x200006f8   Data          64  tim.o(.bss)
    htim3                                    0x20000738   Data          64  tim.o(.bss)
    htim4                                    0x20000778   Data          64  tim.o(.bss)
    htim5                                    0x200007b8   Data          64  tim.o(.bss)
    htim8                                    0x200007f8   Data          64  tim.o(.bss)
    huart4                                   0x20000838   Data          64  usart.o(.bss)
    huart5                                   0x20000878   Data          64  usart.o(.bss)
    huart7                                   0x200008b8   Data          64  usart.o(.bss)
    huart8                                   0x200008f8   Data          64  usart.o(.bss)
    huart1                                   0x20000938   Data          64  usart.o(.bss)
    huart2                                   0x20000978   Data          64  usart.o(.bss)
    huart3                                   0x200009b8   Data          64  usart.o(.bss)
    huart6                                   0x200009f8   Data          64  usart.o(.bss)
    hdma_usart1_rx                           0x20000a38   Data          96  usart.o(.bss)
    hdma_usart2_rx                           0x20000a98   Data          96  usart.o(.bss)
    hdma_usart6_rx                           0x20000af8   Data          96  usart.o(.bss)
    Snail2305                                0x20005c48   Data          40  func_fricmotor.o(.bss)
    GYROBuffer                               0x20005cb8   Data         158  func_gyro.o(.bss)
    GYROBuffer2                              0x20005d56   Data         158  func_gyro.o(.bss)
    mpu_buff                                 0x20005df4   Data          14  func_imu_ob.o(.bss)
    mpu_data                                 0x20005e02   Data          32  func_imu_ob.o(.bss)
    KF_Gimbal_Pitch                          0x20005e24   Data         124  func_jetsoncomm.o(.bss)
    KF_Gimbal_Yaw                            0x20005ea0   Data         124  func_jetsoncomm.o(.bss)
    KF_Gimbal_Pitch_init                     0x20005f1c   Data         192  func_jetsoncomm.o(.bss)
    KF_Gimbal_Yaw_init                       0x20005fdc   Data         192  func_jetsoncomm.o(.bss)
    JetsonFlag                               0x2000609c   Data         320  func_jetsoncomm.o(.bss)
    DataRecFromJetson_Temp                   0x200061dc   Data          16  func_jetsoncomm.o(.bss)
    DataRecFromJetson                        0x200061ec   Data          16  func_jetsoncomm.o(.bss)
    ext_game_robot_state                     0x200061fc   Data          15  func_judgereceive.o(.bss)
    ext_power_heat_data                      0x2000620b   Data          14  func_judgereceive.o(.bss)
    ext_game_robot_pos                       0x20006219   Data          16  func_judgereceive.o(.bss)
    Judge_Receive_Buffer                     0x20006229   Data         130  func_judgereceive.o(.bss)
    RC_ReceiveData                           0x200062ac   Data          22  func_rc.o(.bss)
    LastRC_ReceiveData                       0x200062c2   Data          22  func_rc.o(.bss)
    RCBuffer                                 0x200062d8   Data          50  func_rc.o(.bss)
    __initial_sp                             0x20006710   Data           0  startup_stm32f427xx.o(STACK)



==============================================================================

Memory Map of the image

  Image Entry point : 0x080001ad

  Load Region LR_IROM1 (Base: 0x08000000, Size: 0x00008074, Max: 0x00200000, ABSOLUTE, COMPRESSED[0x00007d3c])

    Execution Region ER_IROM1 (Exec base: 0x08000000, Load base: 0x08000000, Size: 0x00007cc8, Max: 0x00200000, ABSOLUTE)

    Exec Addr    Load Addr    Size         Type   Attr      Idx    E Section Name        Object

    0x08000000   0x08000000   0x000001ac   Data   RO            3    RESET               startup_stm32f427xx.o
    0x080001ac   0x080001ac   0x00000000   Code   RO         6470  * .ARM.Collect$$$$00000000  mc_w.l(entry.o)
    0x080001ac   0x080001ac   0x00000004   Code   RO         6823    .ARM.Collect$$$$00000001  mc_w.l(entry2.o)
    0x080001b0   0x080001b0   0x00000004   Code   RO         6826    .ARM.Collect$$$$00000004  mc_w.l(entry5.o)
    0x080001b4   0x080001b4   0x00000000   Code   RO         6828    .ARM.Collect$$$$00000008  mc_w.l(entry7b.o)
    0x080001b4   0x080001b4   0x00000000   Code   RO         6830    .ARM.Collect$$$$0000000A  mc_w.l(entry8b.o)
    0x080001b4   0x080001b4   0x00000008   Code   RO         6831    .ARM.Collect$$$$0000000B  mc_w.l(entry9a.o)
    0x080001bc   0x080001bc   0x00000000   Code   RO         6833    .ARM.Collect$$$$0000000D  mc_w.l(entry10a.o)
    0x080001bc   0x080001bc   0x00000000   Code   RO         6835    .ARM.Collect$$$$0000000F  mc_w.l(entry11a.o)
    0x080001bc   0x080001bc   0x00000004   Code   RO         6824    .ARM.Collect$$$$00002712  mc_w.l(entry2.o)
    0x080001c0   0x080001c0   0x000000be   Code   RO         5429    .emb_text           port.o
    0x0800027e   0x0800027e   0x00000002   PAD
    0x08000280   0x08000280   0x00000024   Code   RO            4    .text               startup_stm32f427xx.o
    0x080002a4   0x080002a4   0x00000062   Code   RO         6473    .text               mc_w.l(uldiv.o)
    0x08000306   0x08000306   0x00000024   Code   RO         6475    .text               mc_w.l(memcpya.o)
    0x0800032a   0x0800032a   0x00000024   Code   RO         6479    .text               mc_w.l(memseta.o)
    0x0800034e   0x0800034e   0x0000014e   Code   RO         6754    .text               mf_w.l(dadd.o)
    0x0800049c   0x0800049c   0x000000e4   Code   RO         6756    .text               mf_w.l(dmul.o)
    0x08000580   0x08000580   0x000000de   Code   RO         6758    .text               mf_w.l(ddiv.o)
    0x0800065e   0x0800065e   0x00000022   Code   RO         6762    .text               mf_w.l(dflti.o)
    0x08000680   0x08000680   0x0000003e   Code   RO         6764    .text               mf_w.l(dfixi.o)
    0x080006be   0x080006be   0x00000026   Code   RO         6766    .text               mf_w.l(f2d.o)
    0x080006e4   0x080006e4   0x00000030   Code   RO         6768    .text               mf_w.l(cdrcmple.o)
    0x08000714   0x08000714   0x00000038   Code   RO         6770    .text               mf_w.l(d2f.o)
    0x0800074c   0x0800074c   0x0000001e   Code   RO         6842    .text               mc_w.l(llshl.o)
    0x0800076a   0x0800076a   0x00000020   Code   RO         6844    .text               mc_w.l(llushr.o)
    0x0800078a   0x0800078a   0x00000024   Code   RO         6846    .text               mc_w.l(llsshr.o)
    0x080007ae   0x080007ae   0x00000000   Code   RO         6855    .text               mc_w.l(iusefp.o)
    0x080007ae   0x080007ae   0x0000006e   Code   RO         6856    .text               mf_w.l(fepilogue.o)
    0x0800081c   0x0800081c   0x000000ba   Code   RO         6858    .text               mf_w.l(depilogue.o)
    0x080008d6   0x080008d6   0x00000002   PAD
    0x080008d8   0x080008d8   0x00000024   Code   RO         6868    .text               mc_w.l(init.o)
    0x080008fc   0x080008fc   0x0000001a   Code   RO         6872    .text               mf_w.l(dfltui.o)
    0x08000916   0x08000916   0x00000056   Code   RO         6882    .text               mc_w.l(__dczerorl2.o)
    0x0800096c   0x0800096c   0x00000002   Code   RO          894    i.BusFault_Handler  stm32f4xx_it.o
    0x0800096e   0x0800096e   0x00000002   PAD
    0x08000970   0x08000970   0x0000000c   Code   RO          895    i.CAN1_RX0_IRQHandler  stm32f4xx_it.o
    0x0800097c   0x0800097c   0x0000000c   Code   RO          896    i.CAN2_RX1_IRQHandler  stm32f4xx_it.o
    0x08000988   0x08000988   0x0000001e   Code   RO         5715    i.CharsToFloat      func_gyro.o
    0x080009a6   0x080009a6   0x00000002   PAD
    0x080009a8   0x080009a8   0x0000000c   Code   RO          897    i.DMA1_Stream5_IRQHandler  stm32f4xx_it.o
    0x080009b4   0x080009b4   0x0000000c   Code   RO          898    i.DMA2_Stream1_IRQHandler  stm32f4xx_it.o
    0x080009c0   0x080009c0   0x0000000c   Code   RO          899    i.DMA2_Stream2_IRQHandler  stm32f4xx_it.o
    0x080009cc   0x080009cc   0x00000028   Code   RO         1787    i.DMA_CalcBaseAndBitshift  stm32f4xx_hal_dma.o
    0x080009f4   0x080009f4   0x00000054   Code   RO         1788    i.DMA_CheckFifoParam  stm32f4xx_hal_dma.o
    0x08000a48   0x08000a48   0x0000001e   Code   RO         1746    i.DMA_MultiBufferSetConfig  stm32f4xx_hal_dma_ex.o
    0x08000a66   0x08000a66   0x00000020   Code   RO          526    i.DMA_MultiBuffer_Transfer_Config  dma.o
    0x08000a86   0x08000a86   0x00000028   Code   RO         1789    i.DMA_SetConfig     stm32f4xx_hal_dma.o
    0x08000aae   0x08000aae   0x00000002   Code   RO          900    i.DebugMon_Handler  stm32f4xx_it.o
    0x08000ab0   0x08000ab0   0x00000002   Code   RO          378    i.Error_Handler     main.o
    0x08000ab2   0x08000ab2   0x00000002   PAD
    0x08000ab4   0x08000ab4   0x00000068   Code   RO         5567    i.FricMotor_Ctrl    func_fricmotor.o
    0x08000b1c   0x08000b1c   0x000000a4   Code   RO         5568    i.FricMotor_Get_Speed  func_fricmotor.o
    0x08000bc0   0x08000bc0   0x00000064   Code   RO         5569    i.FricMotor_Init    func_fricmotor.o
    0x08000c24   0x08000c24   0x0000002c   Code   RO         5997    i.Get_CRC16_Check_Sum  func_judgereceive.o
    0x08000c50   0x08000c50   0x0000001c   Code   RO         5998    i.Get_CRC8_Check_Sum  func_judgereceive.o
    0x08000c6c   0x08000c6c   0x00000036   Code   RO         6083    i.Get_Channel_Val   func_rc.o
    0x08000ca2   0x08000ca2   0x0000009a   Code   RO         6084    i.Get_Keyboard_Val  func_rc.o
    0x08000d3c   0x08000d3c   0x00000014   Code   RO         6085    i.Get_Mouse_Pressed  func_rc.o
    0x08000d50   0x08000d50   0x00000012   Code   RO         6087    i.Get_Switch_Val    func_rc.o
    0x08000d62   0x08000d62   0x00000002   PAD
    0x08000d64   0x08000d64   0x000002b0   Code   RO         5632    i.GimbalMotor_AngleSet  func_gimbalmotor.o
    0x08001014   0x08001014   0x00000374   Code   RO         5633    i.GimbalMotor_PID   func_gimbalmotor.o
    0x08001388   0x08001388   0x00000080   Code   RO         5635    i.Gimbal_CMD_Trans  func_gimbalmotor.o
    0x08001408   0x08001408   0x0000002c   Code   RO         5636    i.Gimbal_Ctrl       func_gimbalmotor.o
    0x08001434   0x08001434   0x00000020   Code   RO         5637    i.Gimbal_Init       func_gimbalmotor.o
    0x08001454   0x08001454   0x00000024   Code   RO         1043    i.HAL_CAN_ActivateNotification  stm32f4xx_hal_can.o
    0x08001478   0x08001478   0x000000c8   Code   RO         1044    i.HAL_CAN_AddTxMessage  stm32f4xx_hal_can.o
    0x08001540   0x08001540   0x0000010c   Code   RO         1045    i.HAL_CAN_ConfigFilter  stm32f4xx_hal_can.o
    0x0800164c   0x0800164c   0x00000002   Code   RO         1048    i.HAL_CAN_ErrorCallback  stm32f4xx_hal_can.o
    0x0800164e   0x0800164e   0x000001fc   Code   RO         1055    i.HAL_CAN_IRQHandler  stm32f4xx_hal_can.o
    0x0800184a   0x0800184a   0x0000011a   Code   RO         1056    i.HAL_CAN_Init      stm32f4xx_hal_can.o
    0x08001964   0x08001964   0x000000fc   Code   RO          457    i.HAL_CAN_MspInit   can.o
    0x08001a60   0x08001a60   0x00000002   Code   RO         1063    i.HAL_CAN_RxFifo0FullCallback  stm32f4xx_hal_can.o
    0x08001a62   0x08001a62   0x00000002   Code   RO         1064    i.HAL_CAN_RxFifo0MsgPendingCallback  stm32f4xx_hal_can.o
    0x08001a64   0x08001a64   0x00000002   Code   RO         1065    i.HAL_CAN_RxFifo1FullCallback  stm32f4xx_hal_can.o
    0x08001a66   0x08001a66   0x00000002   Code   RO         1066    i.HAL_CAN_RxFifo1MsgPendingCallback  stm32f4xx_hal_can.o
    0x08001a68   0x08001a68   0x00000002   Code   RO         1067    i.HAL_CAN_SleepCallback  stm32f4xx_hal_can.o
    0x08001a6a   0x08001a6a   0x00000002   PAD
    0x08001a6c   0x08001a6c   0x00000058   Code   RO         1068    i.HAL_CAN_Start     stm32f4xx_hal_can.o
    0x08001ac4   0x08001ac4   0x00000002   Code   RO         1070    i.HAL_CAN_TxMailbox0AbortCallback  stm32f4xx_hal_can.o
    0x08001ac6   0x08001ac6   0x00000002   Code   RO         1071    i.HAL_CAN_TxMailbox0CompleteCallback  stm32f4xx_hal_can.o
    0x08001ac8   0x08001ac8   0x00000002   Code   RO         1072    i.HAL_CAN_TxMailbox1AbortCallback  stm32f4xx_hal_can.o
    0x08001aca   0x08001aca   0x00000002   Code   RO         1073    i.HAL_CAN_TxMailbox1CompleteCallback  stm32f4xx_hal_can.o
    0x08001acc   0x08001acc   0x00000002   Code   RO         1074    i.HAL_CAN_TxMailbox2AbortCallback  stm32f4xx_hal_can.o
    0x08001ace   0x08001ace   0x00000002   Code   RO         1075    i.HAL_CAN_TxMailbox2CompleteCallback  stm32f4xx_hal_can.o
    0x08001ad0   0x08001ad0   0x00000002   Code   RO         1077    i.HAL_CAN_WakeUpFromRxMsgCallback  stm32f4xx_hal_can.o
    0x08001ad2   0x08001ad2   0x00000064   Code   RO         1748    i.HAL_DMAEx_MultiBufferStart  stm32f4xx_hal_dma_ex.o
    0x08001b36   0x08001b36   0x00000024   Code   RO         1791    i.HAL_DMA_Abort_IT  stm32f4xx_hal_dma.o
    0x08001b5a   0x08001b5a   0x00000002   PAD
    0x08001b5c   0x08001b5c   0x000001a0   Code   RO         1795    i.HAL_DMA_IRQHandler  stm32f4xx_hal_dma.o
    0x08001cfc   0x08001cfc   0x000000d4   Code   RO         1796    i.HAL_DMA_Init      stm32f4xx_hal_dma.o
    0x08001dd0   0x08001dd0   0x00000078   Code   RO         1800    i.HAL_DMA_Start_IT  stm32f4xx_hal_dma.o
    0x08001e48   0x08001e48   0x00000024   Code   RO         2227    i.HAL_Delay         stm32f4xx_hal.o
    0x08001e6c   0x08001e6c   0x000001cc   Code   RO         1683    i.HAL_GPIO_Init     stm32f4xx_hal_gpio.o
    0x08002038   0x08002038   0x0000000a   Code   RO         1685    i.HAL_GPIO_ReadPin  stm32f4xx_hal_gpio.o
    0x08002042   0x08002042   0x0000000e   Code   RO         1686    i.HAL_GPIO_TogglePin  stm32f4xx_hal_gpio.o
    0x08002050   0x08002050   0x0000000a   Code   RO         1687    i.HAL_GPIO_WritePin  stm32f4xx_hal_gpio.o
    0x0800205a   0x0800205a   0x00000002   PAD
    0x0800205c   0x0800205c   0x0000000c   Code   RO         2235    i.HAL_GetTick       stm32f4xx_hal.o
    0x08002068   0x08002068   0x00000010   Code   RO         2241    i.HAL_IncTick       stm32f4xx_hal.o
    0x08002078   0x08002078   0x00000034   Code   RO         2242    i.HAL_Init          stm32f4xx_hal.o
    0x080020ac   0x080020ac   0x00000074   Code   RO          687    i.HAL_InitTick      stm32f4xx_hal_timebase_tim.o
    0x08002120   0x08002120   0x00000038   Code   RO         1018    i.HAL_MspInit       stm32f4xx_hal_msp.o
    0x08002158   0x08002158   0x0000001a   Code   RO         2090    i.HAL_NVIC_EnableIRQ  stm32f4xx_hal_cortex.o
    0x08002172   0x08002172   0x00000002   PAD
    0x08002174   0x08002174   0x00000040   Code   RO         2096    i.HAL_NVIC_SetPriority  stm32f4xx_hal_cortex.o
    0x080021b4   0x080021b4   0x00000024   Code   RO         2097    i.HAL_NVIC_SetPriorityGrouping  stm32f4xx_hal_cortex.o
    0x080021d8   0x080021d8   0x00000130   Code   RO         1277    i.HAL_RCC_ClockConfig  stm32f4xx_hal_rcc.o
    0x08002308   0x08002308   0x00000040   Code   RO         1281    i.HAL_RCC_GetClockConfig  stm32f4xx_hal_rcc.o
    0x08002348   0x08002348   0x00000020   Code   RO         1284    i.HAL_RCC_GetPCLK1Freq  stm32f4xx_hal_rcc.o
    0x08002368   0x08002368   0x00000020   Code   RO         1285    i.HAL_RCC_GetPCLK2Freq  stm32f4xx_hal_rcc.o
    0x08002388   0x08002388   0x00000064   Code   RO         1286    i.HAL_RCC_GetSysClockFreq  stm32f4xx_hal_rcc.o
    0x080023ec   0x080023ec   0x0000031c   Code   RO         1289    i.HAL_RCC_OscConfig  stm32f4xx_hal_rcc.o
    0x08002708   0x08002708   0x00000080   Code   RO         2498    i.HAL_SPI_Init      stm32f4xx_hal_spi.o
    0x08002788   0x08002788   0x0000006c   Code   RO          619    i.HAL_SPI_MspInit   spi.o
    0x080027f4   0x080027f4   0x000001e2   Code   RO         2507    i.HAL_SPI_TransmitReceive  stm32f4xx_hal_spi.o
    0x080029d6   0x080029d6   0x00000002   Code   RO         3486    i.HAL_TIMEx_BreakCallback  stm32f4xx_hal_tim_ex.o
    0x080029d8   0x080029d8   0x00000002   Code   RO         3487    i.HAL_TIMEx_CommutCallback  stm32f4xx_hal_tim_ex.o
    0x080029da   0x080029da   0x00000054   Code   RO         3489    i.HAL_TIMEx_ConfigBreakDeadTime  stm32f4xx_hal_tim_ex.o
    0x08002a2e   0x08002a2e   0x00000042   Code   RO         3504    i.HAL_TIMEx_MasterConfigSynchronization  stm32f4xx_hal_tim_ex.o
    0x08002a70   0x08002a70   0x00000036   Code   RO         2811    i.HAL_TIM_Base_Init  stm32f4xx_hal_tim.o
    0x08002aa6   0x08002aa6   0x00000002   PAD
    0x08002aa8   0x08002aa8   0x00000060   Code   RO          727    i.HAL_TIM_Base_MspInit  tim.o
    0x08002b08   0x08002b08   0x00000022   Code   RO         2816    i.HAL_TIM_Base_Start_IT  stm32f4xx_hal_tim.o
    0x08002b2a   0x08002b2a   0x000000d6   Code   RO         2820    i.HAL_TIM_ConfigClockSource  stm32f4xx_hal_tim.o
    0x08002c00   0x08002c00   0x00000098   Code   RO         2829    i.HAL_TIM_Encoder_Init  stm32f4xx_hal_tim.o
    0x08002c98   0x08002c98   0x000000ac   Code   RO          729    i.HAL_TIM_Encoder_MspInit  tim.o
    0x08002d44   0x08002d44   0x00000034   Code   RO         2832    i.HAL_TIM_Encoder_Start  stm32f4xx_hal_tim.o
    0x08002d78   0x08002d78   0x00000002   Code   RO         2840    i.HAL_TIM_IC_CaptureCallback  stm32f4xx_hal_tim.o
    0x08002d7a   0x08002d7a   0x00000166   Code   RO         2854    i.HAL_TIM_IRQHandler  stm32f4xx_hal_tim.o
    0x08002ee0   0x08002ee0   0x000000dc   Code   RO          730    i.HAL_TIM_MspPostInit  tim.o
    0x08002fbc   0x08002fbc   0x00000002   Code   RO         2857    i.HAL_TIM_OC_DelayElapsedCallback  stm32f4xx_hal_tim.o
    0x08002fbe   0x08002fbe   0x000000d0   Code   RO         2878    i.HAL_TIM_PWM_ConfigChannel  stm32f4xx_hal_tim.o
    0x0800308e   0x0800308e   0x00000036   Code   RO         2881    i.HAL_TIM_PWM_Init  stm32f4xx_hal_tim.o
    0x080030c4   0x080030c4   0x00000002   Code   RO         2883    i.HAL_TIM_PWM_MspInit  stm32f4xx_hal_tim.o
    0x080030c6   0x080030c6   0x00000002   Code   RO         2884    i.HAL_TIM_PWM_PulseFinishedCallback  stm32f4xx_hal_tim.o
    0x080030c8   0x080030c8   0x00000044   Code   RO         2886    i.HAL_TIM_PWM_Start  stm32f4xx_hal_tim.o
    0x0800310c   0x0800310c   0x0000000e   Code   RO          379    i.HAL_TIM_PeriodElapsedCallback  main.o
    0x0800311a   0x0800311a   0x00000002   Code   RO         2897    i.HAL_TIM_TriggerCallback  stm32f4xx_hal_tim.o
    0x0800311c   0x0800311c   0x00000002   Code   RO         3758    i.HAL_UART_ErrorCallback  stm32f4xx_hal_uart.o
    0x0800311e   0x0800311e   0x00000002   PAD
    0x08003120   0x08003120   0x00000110   Code   RO         3761    i.HAL_UART_IRQHandler  stm32f4xx_hal_uart.o
    0x08003230   0x08003230   0x00000062   Code   RO         3762    i.HAL_UART_Init     stm32f4xx_hal_uart.o
    0x08003292   0x08003292   0x00000002   PAD
    0x08003294   0x08003294   0x00000354   Code   RO          811    i.HAL_UART_MspInit  usart.o
    0x080035e8   0x080035e8   0x00000098   Code   RO         3766    i.HAL_UART_Receive_DMA  stm32f4xx_hal_uart.o
    0x08003680   0x08003680   0x00000002   Code   RO         3768    i.HAL_UART_RxCpltCallback  stm32f4xx_hal_uart.o
    0x08003682   0x08003682   0x00000002   Code   RO         3769    i.HAL_UART_RxHalfCpltCallback  stm32f4xx_hal_uart.o
    0x08003684   0x08003684   0x00000080   Code   RO         3771    i.HAL_UART_Transmit_DMA  stm32f4xx_hal_uart.o
    0x08003704   0x08003704   0x00000002   Code   RO         3773    i.HAL_UART_TxCpltCallback  stm32f4xx_hal_uart.o
    0x08003706   0x08003706   0x00000002   Code   RO         3774    i.HAL_UART_TxHalfCpltCallback  stm32f4xx_hal_uart.o
    0x08003708   0x08003708   0x00000002   Code   RO          901    i.HardFault_Handler  stm32f4xx_it.o
    0x0800370a   0x0800370a   0x00000002   PAD
    0x0800370c   0x0800370c   0x0000001c   Code   RO         5914    i.JetsonCommUart_Config  func_jetsoncomm.o
    0x08003728   0x08003728   0x0000020c   Code   RO         5916    i.JetsonComm_Control  func_jetsoncomm.o
    0x08003934   0x08003934   0x0000001c   Code   RO         5999    i.JudgeConnection_Init  func_judgereceive.o
    0x08003950   0x08003950   0x00000060   Code   RO         6000    i.JudgeReceive      func_judgereceive.o
    0x080039b0   0x080039b0   0x000000dc   Code   RO         6002    i.Judge_Receive_Data_Processing  func_judgereceive.o
    0x08003a8c   0x08003a8c   0x00000048   Code   RO          459    i.MX_CAN1_Init      can.o
    0x08003ad4   0x08003ad4   0x00000048   Code   RO          460    i.MX_CAN2_Init      can.o
    0x08003b1c   0x08003b1c   0x00000032   Code   RO          461    i.MX_CAN_Filter_Init  can.o
    0x08003b4e   0x08003b4e   0x00000002   PAD
    0x08003b50   0x08003b50   0x0000005c   Code   RO          527    i.MX_DMA_Init       dma.o
    0x08003bac   0x08003bac   0x00000028   Code   RO          556    i.MX_FREERTOS_Init  freertos.o
    0x08003bd4   0x08003bd4   0x00000178   Code   RO          432    i.MX_GPIO_Init      gpio.o
    0x08003d4c   0x08003d4c   0x00000048   Code   RO          620    i.MX_SPI5_Init      spi.o
    0x08003d94   0x08003d94   0x000000f8   Code   RO          731    i.MX_TIM1_Init      tim.o
    0x08003e8c   0x08003e8c   0x00000094   Code   RO          732    i.MX_TIM3_Init      tim.o
    0x08003f20   0x08003f20   0x0000006c   Code   RO          733    i.MX_TIM4_Init      tim.o
    0x08003f8c   0x08003f8c   0x00000094   Code   RO          734    i.MX_TIM5_Init      tim.o
    0x08004020   0x08004020   0x0000006c   Code   RO          735    i.MX_TIM8_Init      tim.o
    0x0800408c   0x0800408c   0x00000038   Code   RO          812    i.MX_UART4_Init     usart.o
    0x080040c4   0x080040c4   0x00000038   Code   RO          813    i.MX_UART5_Init     usart.o
    0x080040fc   0x080040fc   0x00000038   Code   RO          814    i.MX_UART7_Init     usart.o
    0x08004134   0x08004134   0x00000038   Code   RO          815    i.MX_UART8_Init     usart.o
    0x0800416c   0x0800416c   0x00000038   Code   RO          816    i.MX_USART1_UART_Init  usart.o
    0x080041a4   0x080041a4   0x00000038   Code   RO          817    i.MX_USART2_UART_Init  usart.o
    0x080041dc   0x080041dc   0x00000038   Code   RO          818    i.MX_USART3_UART_Init  usart.o
    0x08004214   0x08004214   0x00000038   Code   RO          819    i.MX_USART6_UART_Init  usart.o
    0x0800424c   0x0800424c   0x00000002   Code   RO          902    i.MemManage_Handler  stm32f4xx_it.o
    0x0800424e   0x0800424e   0x00000002   Code   RO          903    i.NMI_Handler       stm32f4xx_it.o
    0x08004250   0x08004250   0x00000002   Code   RO         5716    i.Official_GYRO_Init  func_gyro.o
    0x08004252   0x08004252   0x00000002   PAD
    0x08004254   0x08004254   0x00000048   Code   RO         5717    i.PersonalGYRO_Recevie_Enable  func_gyro.o
    0x0800429c   0x0800429c   0x00000168   Code   RO         5718    i.Personal_GYRO_Receive  func_gyro.o
    0x08004404   0x08004404   0x00000058   Code   RO         5638    i.PitchGravityCompensation  func_gimbalmotor.o
    0x0800445c   0x0800445c   0x00000094   Code   RO         6088    i.RC_Data_Update    func_rc.o
    0x080044f0   0x080044f0   0x0000003c   Code   RO         6089    i.RC_InitConfig     func_rc.o
    0x0800452c   0x0800452c   0x00000038   Code   RO         6090    i.RC_Receive_Enable  func_rc.o
    0x08004564   0x08004564   0x00000020   Code   RO         2536    i.SPI_EndRxTxTransaction  stm32f4xx_hal_spi.o
    0x08004584   0x08004584   0x00000094   Code   RO         2541    i.SPI_WaitFlagStateUntilTimeout  stm32f4xx_hal_spi.o
    0x08004618   0x08004618   0x000000cc   Code   RO         6156    i.StatusMachine_Update  func_statusmachine.o
    0x080046e4   0x080046e4   0x00000044   Code   RO         6191    i.StirMotor_Blocked_Detect  func_stirmotor.o
    0x08004728   0x08004728   0x00000058   Code   RO         6192    i.StirMotor_Control  func_stirmotor.o
    0x08004780   0x08004780   0x00000088   Code   RO         6194    i.Stir_Motor_Speed_Control  func_stirmotor.o
    0x08004808   0x08004808   0x0000002c   Code   RO         5430    i.SysTick_Handler   port.o
    0x08004834   0x08004834   0x00000084   Code   RO          380    i.SystemClock_Config  main.o
    0x080048b8   0x080048b8   0x00000054   Code   RO         4064    i.SystemInit        system_stm32f4xx.o
    0x0800490c   0x0800490c   0x0000000c   Code   RO          904    i.TIM2_IRQHandler   stm32f4xx_it.o
    0x08004918   0x08004918   0x000000c8   Code   RO         2899    i.TIM_Base_SetConfig  stm32f4xx_hal_tim.o
    0x080049e0   0x080049e0   0x0000001a   Code   RO         2900    i.TIM_CCxChannelCmd  stm32f4xx_hal_tim.o
    0x080049fa   0x080049fa   0x00000014   Code   RO         2910    i.TIM_ETR_SetConfig  stm32f4xx_hal_tim.o
    0x08004a0e   0x08004a0e   0x00000010   Code   RO         2911    i.TIM_ITRx_SetConfig  stm32f4xx_hal_tim.o
    0x08004a1e   0x08004a1e   0x00000002   PAD
    0x08004a20   0x08004a20   0x00000060   Code   RO         2912    i.TIM_OC1_SetConfig  stm32f4xx_hal_tim.o
    0x08004a80   0x08004a80   0x0000006c   Code   RO         2913    i.TIM_OC2_SetConfig  stm32f4xx_hal_tim.o
    0x08004aec   0x08004aec   0x00000068   Code   RO         2914    i.TIM_OC3_SetConfig  stm32f4xx_hal_tim.o
    0x08004b54   0x08004b54   0x00000050   Code   RO         2915    i.TIM_OC4_SetConfig  stm32f4xx_hal_tim.o
    0x08004ba4   0x08004ba4   0x00000022   Code   RO         2917    i.TIM_TI1_ConfigInputStage  stm32f4xx_hal_tim.o
    0x08004bc6   0x08004bc6   0x00000024   Code   RO         2919    i.TIM_TI2_ConfigInputStage  stm32f4xx_hal_tim.o
    0x08004bea   0x08004bea   0x00000002   PAD
    0x08004bec   0x08004bec   0x00000048   Code   RO          272    i.Task_CANSend      task_tasks.o
    0x08004c34   0x08004c34   0x000000f4   Code   RO          273    i.Task_Control_Normal  task_tasks.o
    0x08004d28   0x08004d28   0x00000018   Code   RO          274    i.Task_GYROData_Update  task_tasks.o
    0x08004d40   0x08004d40   0x00000018   Code   RO          277    i.Task_JetsonComm   task_tasks.o
    0x08004d58   0x08004d58   0x00000012   Code   RO          278    i.Task_JudgeReceive  task_tasks.o
    0x08004d6a   0x08004d6a   0x00000002   PAD
    0x08004d6c   0x08004d6c   0x00000030   Code   RO          279    i.Task_LEDBlink     task_tasks.o
    0x08004d9c   0x08004d9c   0x00000058   Code   RO          280    i.Task_Pitch_GYRO   task_tasks.o
    0x08004df4   0x08004df4   0x00000012   Code   RO          281    i.Task_RCData_Update  task_tasks.o
    0x08004e06   0x08004e06   0x00000016   Code   RO          282    i.Task_StatusMachineUpdate  task_tasks.o
    0x08004e1c   0x08004e1c   0x000001fc   Code   RO           13    i.Task_SystemInitConfig  task_systinit.o
    0x08005018   0x08005018   0x0000000c   Code   RO          905    i.UART7_IRQHandler  stm32f4xx_it.o
    0x08005024   0x08005024   0x0000000c   Code   RO          906    i.UART8_IRQHandler  stm32f4xx_it.o
    0x08005030   0x08005030   0x00000010   Code   RO         3775    i.UART_DMAAbortOnError  stm32f4xx_hal_uart.o
    0x08005040   0x08005040   0x0000004a   Code   RO         3776    i.UART_DMAError     stm32f4xx_hal_uart.o
    0x0800508a   0x0800508a   0x0000003c   Code   RO         3777    i.UART_DMAReceiveCplt  stm32f4xx_hal_uart.o
    0x080050c6   0x080050c6   0x0000000a   Code   RO         3779    i.UART_DMARxHalfCplt  stm32f4xx_hal_uart.o
    0x080050d0   0x080050d0   0x0000002e   Code   RO         3781    i.UART_DMATransmitCplt  stm32f4xx_hal_uart.o
    0x080050fe   0x080050fe   0x0000000a   Code   RO         3783    i.UART_DMATxHalfCplt  stm32f4xx_hal_uart.o
    0x08005108   0x08005108   0x0000001c   Code   RO         3785    i.UART_EndRxTransfer  stm32f4xx_hal_uart.o
    0x08005124   0x08005124   0x00000012   Code   RO         3786    i.UART_EndTxTransfer  stm32f4xx_hal_uart.o
    0x08005136   0x08005136   0x00000096   Code   RO         3787    i.UART_Receive_IT   stm32f4xx_hal_uart.o
    0x080051cc   0x080051cc   0x000002ac   Code   RO         3788    i.UART_SetConfig    stm32f4xx_hal_uart.o
    0x08005478   0x08005478   0x00000062   Code   RO         3789    i.UART_Transmit_IT  stm32f4xx_hal_uart.o
    0x080054da   0x080054da   0x00000002   PAD
    0x080054dc   0x080054dc   0x0000000c   Code   RO          907    i.USART1_IRQHandler  stm32f4xx_it.o
    0x080054e8   0x080054e8   0x0000000c   Code   RO          908    i.USART2_IRQHandler  stm32f4xx_it.o
    0x080054f4   0x080054f4   0x0000000c   Code   RO          909    i.USART6_IRQHandler  stm32f4xx_it.o
    0x08005500   0x08005500   0x00000002   Code   RO          910    i.UsageFault_Handler  stm32f4xx_it.o
    0x08005502   0x08005502   0x00000002   PAD
    0x08005504   0x08005504   0x0000003c   Code   RO         6003    i.Verify_CRC16_Check_Sum  func_judgereceive.o
    0x08005540   0x08005540   0x00000026   Code   RO         6004    i.Verify_CRC8_Check_Sum  func_judgereceive.o
    0x08005566   0x08005566   0x00000030   Code   RO         6807    i.__ARM_fpclassify  m_wm.l(fpclassify.o)
    0x08005596   0x08005596   0x00000020   Code   RO         2103    i.__NVIC_SetPriority  stm32f4xx_hal_cortex.o
    0x080055b6   0x080055b6   0x00000002   PAD
    0x080055b8   0x080055b8   0x000000c8   Code   RO         6440    i.__hardfp_cos      m_wm.l(cos.o)
    0x08005680   0x08005680   0x00000014   Code   RO         6452    i.__hardfp_fabs     m_wm.l(fabs.o)
    0x08005694   0x08005694   0x00000004   PAD
    0x08005698   0x08005698   0x00000438   Code   RO         6812    i.__ieee754_rem_pio2  m_wm.l(rred.o)
    0x08005ad0   0x08005ad0   0x00000170   Code   RO         6790    i.__kernel_cos      m_wm.l(cos_i.o)
    0x08005c40   0x08005c40   0x000000f8   Code   RO         6809    i.__kernel_poly     m_wm.l(poly.o)
    0x08005d38   0x08005d38   0x00000130   Code   RO         6817    i.__kernel_sin      m_wm.l(sin_i.o)
    0x08005e68   0x08005e68   0x00000014   Code   RO         6794    i.__mathlib_dbl_infnan  m_wm.l(dunder.o)
    0x08005e7c   0x08005e7c   0x00000004   PAD
    0x08005e80   0x08005e80   0x00000020   Code   RO         6796    i.__mathlib_dbl_invalid  m_wm.l(dunder.o)
    0x08005ea0   0x08005ea0   0x00000020   Code   RO         6799    i.__mathlib_dbl_underflow  m_wm.l(dunder.o)
    0x08005ec0   0x08005ec0   0x0000000e   Code   RO         6876    i.__scatterload_copy  mc_w.l(handlers.o)
    0x08005ece   0x08005ece   0x00000002   Code   RO         6877    i.__scatterload_null  mc_w.l(handlers.o)
    0x08005ed0   0x08005ed0   0x0000000e   Code   RO         6878    i.__scatterload_zeroinit  mc_w.l(handlers.o)
    0x08005ede   0x08005ede   0x00000002   PAD
    0x08005ee0   0x08005ee0   0x0000000c   Code   RO         6850    i.__set_errno       mc_w.l(errno.o)
    0x08005eec   0x08005eec   0x00000002   Code   RO          558    i.configureTimerForRunTimeStats  freertos.o
    0x08005eee   0x08005eee   0x00000018   Code   RO         6454    i.fabs              m_wm.l(fabs.o)
    0x08005f06   0x08005f06   0x00000004   Code   RO          559    i.getRunTimeCounterValue  freertos.o
    0x08005f0a   0x08005f0a   0x00000002   PAD
    0x08005f0c   0x08005f0c   0x000001cc   Code   RO         5782    i.init_quaternion   func_imu_ob.o
    0x080060d8   0x080060d8   0x00000100   Code   RO         5785    i.ist8310_init      func_imu_ob.o
    0x080061d8   0x080061d8   0x00000038   Code   RO         5786    i.ist_reg_read_by_mpu  func_imu_ob.o
    0x08006210   0x08006210   0x00000042   Code   RO         5787    i.ist_reg_write_by_mpu  func_imu_ob.o
    0x08006252   0x08006252   0x0000005a   Code   RO          381    i.main              main.o
    0x080062ac   0x080062ac   0x0000000c   Code   RO         4989    i.makeFreeRtosPriority  cmsis_os.o
    0x080062b8   0x080062b8   0x00000064   Code   RO         5788    i.mpu_device_init   func_imu_ob.o
    0x0800631c   0x0800631c   0x0000008e   Code   RO         5790    i.mpu_master_i2c_auto_read_config  func_imu_ob.o
    0x080063aa   0x080063aa   0x00000002   PAD
    0x080063ac   0x080063ac   0x000000a4   Code   RO         5791    i.mpu_offset_call   func_imu_ob.o
    0x08006450   0x08006450   0x00000050   Code   RO         5792    i.mpu_read_byte     func_imu_ob.o
    0x080064a0   0x080064a0   0x0000005c   Code   RO         5793    i.mpu_read_bytes    func_imu_ob.o
    0x080064fc   0x080064fc   0x0000000a   Code   RO         5794    i.mpu_set_accel_fsr  func_imu_ob.o
    0x08006506   0x08006506   0x0000000a   Code   RO         5795    i.mpu_set_gyro_fsr  func_imu_ob.o
    0x08006510   0x08006510   0x00000054   Code   RO         5796    i.mpu_write_byte    func_imu_ob.o
    0x08006564   0x08006564   0x0000000a   Code   RO         4994    i.osKernelStart     cmsis_os.o
    0x0800656e   0x0800656e   0x00000054   Code   RO         5028    i.osThreadCreate    cmsis_os.o
    0x080065c2   0x080065c2   0x00000002   PAD
    0x080065c4   0x080065c4   0x00000070   Code   RO         4603    i.prvAddCurrentTaskToDelayedList  tasks.o
    0x08006634   0x08006634   0x000000d0   Code   RO         4604    i.prvAddNewTaskToReadyList  tasks.o
    0x08006704   0x08006704   0x00000026   Code   RO         4242    i.prvCopyDataFromQueue  queue.o
    0x0800672a   0x0800672a   0x0000006c   Code   RO         4243    i.prvCopyDataToQueue  queue.o
    0x08006796   0x08006796   0x00000034   Code   RO         4605    i.prvDeleteTCB      tasks.o
    0x080067ca   0x080067ca   0x00000002   PAD
    0x080067cc   0x080067cc   0x0000004c   Code   RO         5368    i.prvHeapInit       heap_4.o
    0x08006818   0x08006818   0x0000003c   Code   RO         4606    i.prvIdleTask       tasks.o
    0x08006854   0x08006854   0x00000022   Code   RO         4245    i.prvInitialiseNewQueue  queue.o
    0x08006876   0x08006876   0x0000009e   Code   RO         4607    i.prvInitialiseNewTask  tasks.o
    0x08006914   0x08006914   0x0000004c   Code   RO         5369    i.prvInsertBlockIntoFreeList  heap_4.o
    0x08006960   0x08006960   0x0000001c   Code   RO         4246    i.prvIsQueueEmpty   queue.o
    0x0800697c   0x0800697c   0x00000020   Code   RO         4609    i.prvResetNextTaskUnblockTime  tasks.o
    0x0800699c   0x0800699c   0x00000028   Code   RO         5431    i.prvTaskExitError  port.o
    0x080069c4   0x080069c4   0x0000006a   Code   RO         4247    i.prvUnlockQueue    queue.o
    0x08006a2e   0x08006a2e   0x00000002   PAD
    0x08006a30   0x08006a30   0x000000d8   Code   RO         5370    i.pvPortMalloc      heap_4.o
    0x08006b08   0x08006b08   0x0000002c   Code   RO         5432    i.pxPortInitialiseStack  port.o
    0x08006b34   0x08006b34   0x00000068   Code   RO         4615    i.ulTaskNotifyTake  tasks.o
    0x08006b9c   0x08006b9c   0x00000026   Code   RO         4205    i.uxListRemove      list.o
    0x08006bc2   0x08006bc2   0x00000002   PAD
    0x08006bc4   0x08006bc4   0x00000014   Code   RO          560    i.vApplicationGetIdleTaskMemory  freertos.o
    0x08006bd8   0x08006bd8   0x00000016   Code   RO         4206    i.vListInitialise   list.o
    0x08006bee   0x08006bee   0x00000006   Code   RO         4207    i.vListInitialiseItem  list.o
    0x08006bf4   0x08006bf4   0x00000030   Code   RO         4208    i.vListInsert       list.o
    0x08006c24   0x08006c24   0x00000018   Code   RO         4209    i.vListInsertEnd    list.o
    0x08006c3c   0x08006c3c   0x00000040   Code   RO         5434    i.vPortEnterCritical  port.o
    0x08006c7c   0x08006c7c   0x00000028   Code   RO         5435    i.vPortExitCritical  port.o
    0x08006ca4   0x08006ca4   0x0000005c   Code   RO         5371    i.vPortFree         heap_4.o
    0x08006d00   0x08006d00   0x00000024   Code   RO         5436    i.vPortSetupTimerInterrupt  port.o
    0x08006d24   0x08006d24   0x0000004c   Code   RO         4623    i.vTaskDelay        tasks.o
    0x08006d70   0x08006d70   0x0000008c   Code   RO         4624    i.vTaskDelayUntil   tasks.o
    0x08006dfc   0x08006dfc   0x000000ac   Code   RO         4625    i.vTaskDelete       tasks.o
    0x08006ea8   0x08006ea8   0x00000010   Code   RO         4629    i.vTaskInternalSetTimeOutState  tasks.o
    0x08006eb8   0x08006eb8   0x0000000c   Code   RO         4631    i.vTaskMissedYield  tasks.o
    0x08006ec4   0x08006ec4   0x00000030   Code   RO         4633    i.vTaskPlaceOnEventList  tasks.o
    0x08006ef4   0x08006ef4   0x00000070   Code   RO         4641    i.vTaskStartScheduler  tasks.o
    0x08006f64   0x08006f64   0x00000010   Code   RO         4643    i.vTaskSuspendAll   tasks.o
    0x08006f74   0x08006f74   0x00000074   Code   RO         4644    i.vTaskSwitchContext  tasks.o
    0x08006fe8   0x08006fe8   0x000000f4   Code   RO         5438    i.xPortStartScheduler  port.o
    0x080070dc   0x080070dc   0x00000048   Code   RO         4261    i.xQueueGenericCreate  queue.o
    0x08007124   0x08007124   0x00000088   Code   RO         4263    i.xQueueGenericReset  queue.o
    0x080071ac   0x080071ac   0x00000160   Code   RO         4264    i.xQueueGenericSend  queue.o
    0x0800730c   0x0800730c   0x00000138   Code   RO         4271    i.xQueueReceive     queue.o
    0x08007444   0x08007444   0x00000074   Code   RO         4645    i.xTaskCheckForTimeOut  tasks.o
    0x080074b8   0x080074b8   0x0000005a   Code   RO         4646    i.xTaskCreate       tasks.o
    0x08007512   0x08007512   0x00000056   Code   RO         4647    i.xTaskCreateStatic  tasks.o
    0x08007568   0x08007568   0x0000001c   Code   RO         4652    i.xTaskGetSchedulerState  tasks.o
    0x08007584   0x08007584   0x0000000c   Code   RO         4653    i.xTaskGetTickCount  tasks.o
    0x08007590   0x08007590   0x000000c8   Code   RO         4655    i.xTaskIncrementTick  tasks.o
    0x08007658   0x08007658   0x00000098   Code   RO         4658    i.xTaskPriorityDisinherit  tasks.o
    0x080076f0   0x080076f0   0x00000074   Code   RO         4660    i.xTaskRemoveFromEventList  tasks.o
    0x08007764   0x08007764   0x000000c4   Code   RO         4661    i.xTaskResumeAll    tasks.o
    0x08007828   0x08007828   0x0000001c   Data   RO          562    .constdata          freertos.o
    0x08007844   0x08007844   0x00000008   Data   RO         1802    .constdata          stm32f4xx_hal_dma.o
    0x0800784c   0x0800784c   0x00000010   Data   RO         4065    .constdata          system_stm32f4xx.o
    0x0800785c   0x0800785c   0x00000008   Data   RO         4066    .constdata          system_stm32f4xx.o
    0x08007864   0x08007864   0x00000014   Data   RO         5798    .constdata          func_imu_ob.o
    0x08007878   0x08007878   0x00000300   Data   RO         6007    .constdata          func_judgereceive.o
    0x08007b78   0x08007b78   0x00000030   Data   RO         6791    .constdata          m_wm.l(cos_i.o)
    0x08007ba8   0x08007ba8   0x000000c8   Data   RO         6814    .constdata          m_wm.l(rred.o)
    0x08007c70   0x08007c70   0x00000028   Data   RO         6818    .constdata          m_wm.l(sin_i.o)
    0x08007c98   0x08007c98   0x0000000f   Data   RO          563    .conststring        freertos.o
    0x08007ca7   0x08007ca7   0x00000001   PAD
    0x08007ca8   0x08007ca8   0x00000020   Data   RO         6874    Region$$Table       anon$$obj.o


    Execution Region RW_IRAM1 (Exec base: 0x20000000, Load base: 0x08007cc8, Size: 0x00006710, Max: 0x00030000, ABSOLUTE, COMPRESSED[0x00000074])

    Exec Addr    Load Addr    Size         Type   Attr      Idx    E Section Name        Object

    0x20000000   COMPRESSED   0x00000024   Data   RW           15    .data               task_systinit.o
    0x20000024   COMPRESSED   0x00000008   Data   RW          283    .data               task_tasks.o
    0x2000002c   COMPRESSED   0x00000004   Data   RW          463    .data               can.o
    0x20000030   COMPRESSED   0x00000004   Data   RW          564    .data               freertos.o
    0x20000034   COMPRESSED   0x0000000c   Data   RW         2249    .data               stm32f4xx_hal.o
    0x20000040   COMPRESSED   0x00000004   Data   RW         4067    .data               system_stm32f4xx.o
    0x20000044   COMPRESSED   0x00000044   Data   RW         4664    .data               tasks.o
    0x20000088   COMPRESSED   0x00000018   Data   RW         5376    .data               heap_4.o
    0x200000a0   COMPRESSED   0x0000000c   Data   RW         5439    .data               port.o
    0x200000ac   COMPRESSED   0x00000078   Data   RW         5573    .data               func_fricmotor.o
    0x20000124   COMPRESSED   0x00000004   Data   RW         5641    .data               func_gimbalmotor.o
    0x20000128   COMPRESSED   0x00000004   Data   RW         5642    .data               func_gimbalmotor.o
    0x2000012c   COMPRESSED   0x00000004   PAD
    0x20000130   COMPRESSED   0x000000f0   Data   RW         5643    .data               func_gimbalmotor.o
    0x20000220   COMPRESSED   0x00000004   Data   RW         5648    .data               func_gimbalmotor.o
    0x20000224   COMPRESSED   0x0000001c   Data   RW         5723    .data               func_gyro.o
    0x20000240   COMPRESSED   0x0000001c   Data   RW         5724    .data               func_gyro.o
    0x2000025c   COMPRESSED   0x00000005   Data   RW         5725    .data               func_gyro.o
    0x20000261   COMPRESSED   0x00000003   PAD
    0x20000264   COMPRESSED   0x00000098   Data   RW         5799    .data               func_imu_ob.o
    0x200002fc   COMPRESSED   0x00000048   Data   RW         5924    .data               func_jetsoncomm.o
    0x20000344   COMPRESSED   0x00000026   Data   RW         6010    .data               func_judgereceive.o
    0x2000036a   COMPRESSED   0x00000001   Data   RW         6092    .data               func_rc.o
    0x2000036b   COMPRESSED   0x00000004   Data   RW         6158    .data               func_statusmachine.o
    0x2000036f   COMPRESSED   0x00000001   Data   RW         6160    .data               func_statusmachine.o
    0x20000370   COMPRESSED   0x00000038   Data   RW         6195    .data               func_stirmotor.o
    0x200003a8   COMPRESSED   0x00000004   Data   RW         6851    .data               mc_w.l(errno.o)
    0x200003ac        -       0x00000050   Zero   RW          462    .bss                can.o
    0x200003fc        -       0x00000264   Zero   RW          561    .bss                freertos.o
    0x20000660        -       0x00000058   Zero   RW          621    .bss                spi.o
    0x200006b8        -       0x00000040   Zero   RW          690    .bss                stm32f4xx_hal_timebase_tim.o
    0x200006f8        -       0x00000140   Zero   RW          736    .bss                tim.o
    0x20000838        -       0x00000320   Zero   RW          820    .bss                usart.o
    0x20000b58        -       0x000000f0   Zero   RW         4663    .bss                tasks.o
    0x20000c48        -       0x00005000   Zero   RW         5375    .bss                heap_4.o
    0x20005c48        -       0x00000028   Zero   RW         5571    .bss                func_fricmotor.o
    0x20005c70        -       0x00000048   Zero   RW         5640    .bss                func_gimbalmotor.o
    0x20005cb8        -       0x0000013c   Zero   RW         5722    .bss                func_gyro.o
    0x20005df4        -       0x0000002e   Zero   RW         5797    .bss                func_imu_ob.o
    0x20005e22   COMPRESSED   0x00000002   PAD
    0x20005e24        -       0x000003d8   Zero   RW         5923    .bss                func_jetsoncomm.o
    0x200061fc        -       0x000000af   Zero   RW         6005    .bss                func_judgereceive.o
    0x200062ab   COMPRESSED   0x00000001   PAD
    0x200062ac        -       0x0000005e   Zero   RW         6091    .bss                func_rc.o
    0x2000630a   COMPRESSED   0x00000006   PAD
    0x20006310        -       0x00000400   Zero   RW            1    STACK               startup_stm32f427xx.o


==============================================================================

Image component sizes


      Code (inc. data)   RO Data    RW Data    ZI Data      Debug   Object Name

       446         44          0          4         80       3286   can.o
       106          0          0          0          0      21615   cmsis_os.o
       124          4          0          0          0       1452   dma.o
         0          0          0          0          0      16404   event_groups.o
        66         14         43          4        612       2867   freertos.o
       368         52          0        120         40       4383   func_fricmotor.o
      1864        184          0        252         72       8610   func_gimbalmotor.o
       464         32          0         61        316       3938   func_gyro.o
      1520        148         20        152         46      10162   func_imu_ob.o
       552         54          0         72        984       6036   func_jetsoncomm.o
       514         44        768         38        175      10211   func_judgereceive.o
       510         40          0          1         94       7470   func_rc.o
       204         12          0          5          0       2165   func_statusmachine.o
       292         22          0         56          0       4999   func_stirmotor.o
       376         26          0          0          0       1163   gpio.o
       460         24          0         24      20480       7263   heap_4.o
       138          0          0          0          0       3494   list.o
       238          8          0          0          0      16104   main.o
       702         72          0         12          0      10992   port.o
      1186         14          0          0          0      11183   queue.o
       180         24          0          0         88       1617   spi.o
        36          8        428          0       1024        828   startup_stm32f427xx.o
       116         18          0         12          0       3834   stm32f4xx_hal.o
      1408          6          0          0          0      13612   stm32f4xx_hal_can.o
       158         14          0          0          0      33114   stm32f4xx_hal_cortex.o
       948         16          8          0          0       6398   stm32f4xx_hal_dma.o
       130          0          0          0          0       2125   stm32f4xx_hal_dma_ex.o
       494         52          0          0          0       3676   stm32f4xx_hal_gpio.o
        56          4          0          0          0        822   stm32f4xx_hal_msp.o
      1328         90          0          0          0       5745   stm32f4xx_hal_rcc.o
       790          0          0          0          0       4597   stm32f4xx_hal_spi.o
      1924         90          0          0          0      17905   stm32f4xx_hal_tim.o
       154          0          0          0          0       3213   stm32f4xx_hal_tim_ex.o
       116         14          0          0         64       1375   stm32f4xx_hal_timebase_tim.o
      1854         42          0          0          0      13714   stm32f4xx_hal_uart.o
       144         66          0          0          0       7671   stm32f4xx_it.o
         0          0          0          0          0        384   stream_buffer.o
        84         18         24          4          0       1135   system_stm32f4xx.o
       508        222          0         36          0     791116   task_systinit.o
       558         78          0          8          0       5856   task_tasks.o
      2430        174          0         68        240      25685   tasks.o
      1248        114          0          0        320       6090   tim.o
      1300        138          0          0        800       6586   usart.o

    ----------------------------------------------------------------------
     26148       1982       1324        936      25444    1110895   Object Totals
         0          0         32          0          0          0   (incl. Generated)
        54          0          1          7          9          0   (incl. Padding)

    ----------------------------------------------------------------------

      Code (inc. data)   RO Data    RW Data    ZI Data      Debug   Library Member Name

       200         20          0          0          0        164   cos.o
       368         46         48          0          0        200   cos_i.o
        84         16          0          0          0        372   dunder.o
        44          0          0          0          0        248   fabs.o
        48          0          0          0          0        124   fpclassify.o
       248          0          0          0          0        152   poly.o
      1080        142        200          0          0        188   rred.o
       304         24         40          0          0        208   sin_i.o
        86          0          0          0          0          0   __dczerorl2.o
         0          0          0          0          0          0   entry.o
         0          0          0          0          0          0   entry10a.o
         0          0          0          0          0          0   entry11a.o
         8          4          0          0          0          0   entry2.o
         4          0          0          0          0          0   entry5.o
         0          0          0          0          0          0   entry7b.o
         0          0          0          0          0          0   entry8b.o
         8          4          0          0          0          0   entry9a.o
        12          6          0          4          0         68   errno.o
        30          0          0          0          0          0   handlers.o
        36          8          0          0          0         68   init.o
         0          0          0          0          0          0   iusefp.o
        30          0          0          0          0         68   llshl.o
        36          0          0          0          0         68   llsshr.o
        32          0          0          0          0         68   llushr.o
        36          0          0          0          0         68   memcpya.o
        36          0          0          0          0        108   memseta.o
        98          0          0          0          0         92   uldiv.o
        48          0          0          0          0         68   cdrcmple.o
        56          0          0          0          0         88   d2f.o
       334          0          0          0          0        148   dadd.o
       222          0          0          0          0        100   ddiv.o
       186          0          0          0          0        176   depilogue.o
        62          0          0          0          0         80   dfixi.o
        34          0          0          0          0         76   dflti.o
        26          0          0          0          0         76   dfltui.o
       228          0          0          0          0         96   dmul.o
        38          0          0          0          0         68   f2d.o
       110          0          0          0          0        168   fepilogue.o

    ----------------------------------------------------------------------
      4184        270        288          4          0       3408   Library Totals
        12          0          0          0          0          0   (incl. Padding)

    ----------------------------------------------------------------------

      Code (inc. data)   RO Data    RW Data    ZI Data      Debug   Library Name

      2376        248        288          0          0       1656   m_wm.l
       452         22          0          4          0        608   mc_w.l
      1344          0          0          0          0       1144   mf_w.l

    ----------------------------------------------------------------------
      4184        270        288          4          0       3408   Library Totals

    ----------------------------------------------------------------------

==============================================================================


      Code (inc. data)   RO Data    RW Data    ZI Data      Debug   

     30332       2252       1612        940      25444    1087555   Grand Totals
     30332       2252       1612        116      25444    1087555   ELF Image Totals (compressed)
     30332       2252       1612        116          0          0   ROM Totals

==============================================================================

    Total RO  Size (Code + RO Data)                31944 (  31.20kB)
    Total RW  Size (RW Data + ZI Data)             26384 (  25.77kB)
    Total ROM Size (Code + RO Data + RW Data)      32060 (  31.31kB)

==============================================================================

